Archive member included to satisfy reference by file (symbol)

d:/gnu tools arm embedded/6 2017-q2-update/bin/../lib/gcc/arm-none-eabi/6.3.1/../../../../arm-none-eabi/lib/thumb/v7e-m/fpv4-sp/hard\libc_nano.a(lib_a-exit.o)
                              d:/gnu tools arm embedded/6 2017-q2-update/bin/../lib/gcc/arm-none-eabi/6.3.1/../../../../arm-none-eabi/lib/thumb/v7e-m/fpv4-sp/hard/crt0.o (exit)
d:/gnu tools arm embedded/6 2017-q2-update/bin/../lib/gcc/arm-none-eabi/6.3.1/../../../../arm-none-eabi/lib/thumb/v7e-m/fpv4-sp/hard\libc_nano.a(lib_a-impure.o)
                              d:/gnu tools arm embedded/6 2017-q2-update/bin/../lib/gcc/arm-none-eabi/6.3.1/../../../../arm-none-eabi/lib/thumb/v7e-m/fpv4-sp/hard\libc_nano.a(lib_a-exit.o) (_global_impure_ptr)
d:/gnu tools arm embedded/6 2017-q2-update/bin/../lib/gcc/arm-none-eabi/6.3.1/../../../../arm-none-eabi/lib/thumb/v7e-m/fpv4-sp/hard\libc_nano.a(lib_a-init.o)
                              d:/gnu tools arm embedded/6 2017-q2-update/bin/../lib/gcc/arm-none-eabi/6.3.1/../../../../arm-none-eabi/lib/thumb/v7e-m/fpv4-sp/hard/crt0.o (__libc_init_array)
d:/gnu tools arm embedded/6 2017-q2-update/bin/../lib/gcc/arm-none-eabi/6.3.1/../../../../arm-none-eabi/lib/thumb/v7e-m/fpv4-sp/hard\libc_nano.a(lib_a-locale.o)
                              ./components/libraries/log/src/nrf_log_backend_serial.o (symbol from plugin) (__locale_ctype_ptr)
d:/gnu tools arm embedded/6 2017-q2-update/bin/../lib/gcc/arm-none-eabi/6.3.1/../../../../arm-none-eabi/lib/thumb/v7e-m/fpv4-sp/hard\libc_nano.a(lib_a-mbtowc_r.o)
                              d:/gnu tools arm embedded/6 2017-q2-update/bin/../lib/gcc/arm-none-eabi/6.3.1/../../../../arm-none-eabi/lib/thumb/v7e-m/fpv4-sp/hard\libc_nano.a(lib_a-locale.o) (__ascii_mbtowc)
d:/gnu tools arm embedded/6 2017-q2-update/bin/../lib/gcc/arm-none-eabi/6.3.1/../../../../arm-none-eabi/lib/thumb/v7e-m/fpv4-sp/hard\libc_nano.a(lib_a-memcmp.o)
                              ./components/ble/peer_manager/id_manager.o (symbol from plugin) (memcmp)
d:/gnu tools arm embedded/6 2017-q2-update/bin/../lib/gcc/arm-none-eabi/6.3.1/../../../../arm-none-eabi/lib/thumb/v7e-m/fpv4-sp/hard\libc_nano.a(lib_a-memcpy-stub.o)
                              ./src/main.o (symbol from plugin) (memcpy)
d:/gnu tools arm embedded/6 2017-q2-update/bin/../lib/gcc/arm-none-eabi/6.3.1/../../../../arm-none-eabi/lib/thumb/v7e-m/fpv4-sp/hard\libc_nano.a(lib_a-memset.o)
                              d:/gnu tools arm embedded/6 2017-q2-update/bin/../lib/gcc/arm-none-eabi/6.3.1/../../../../arm-none-eabi/lib/thumb/v7e-m/fpv4-sp/hard/crt0.o (memset)
d:/gnu tools arm embedded/6 2017-q2-update/bin/../lib/gcc/arm-none-eabi/6.3.1/../../../../arm-none-eabi/lib/thumb/v7e-m/fpv4-sp/hard\libc_nano.a(lib_a-printf.o)
                              ./src/main.o (symbol from plugin) (printf)
d:/gnu tools arm embedded/6 2017-q2-update/bin/../lib/gcc/arm-none-eabi/6.3.1/../../../../arm-none-eabi/lib/thumb/v7e-m/fpv4-sp/hard\libc_nano.a(lib_a-snprintf.o)
                              ./components/libraries/log/src/nrf_log_backend_serial.o (symbol from plugin) (snprintf)
d:/gnu tools arm embedded/6 2017-q2-update/bin/../lib/gcc/arm-none-eabi/6.3.1/../../../../arm-none-eabi/lib/thumb/v7e-m/fpv4-sp/hard\libc_nano.a(lib_a-strcmp.o)
                              d:/gnu tools arm embedded/6 2017-q2-update/bin/../lib/gcc/arm-none-eabi/6.3.1/../../../../arm-none-eabi/lib/thumb/v7e-m/fpv4-sp/hard\libc_nano.a(lib_a-locale.o) (strcmp)
d:/gnu tools arm embedded/6 2017-q2-update/bin/../lib/gcc/arm-none-eabi/6.3.1/../../../../arm-none-eabi/lib/thumb/v7e-m/fpv4-sp/hard\libc_nano.a(lib_a-strcpy.o)
                              ./external/segger_rtt/SEGGER_RTT.o (symbol from plugin) (strcpy)
d:/gnu tools arm embedded/6 2017-q2-update/bin/../lib/gcc/arm-none-eabi/6.3.1/../../../../arm-none-eabi/lib/thumb/v7e-m/fpv4-sp/hard\libc_nano.a(lib_a-strlen.o)
                              ./src/main.o (symbol from plugin) (strlen)
d:/gnu tools arm embedded/6 2017-q2-update/bin/../lib/gcc/arm-none-eabi/6.3.1/../../../../arm-none-eabi/lib/thumb/v7e-m/fpv4-sp/hard\libc_nano.a(lib_a-wctomb_r.o)
                              d:/gnu tools arm embedded/6 2017-q2-update/bin/../lib/gcc/arm-none-eabi/6.3.1/../../../../arm-none-eabi/lib/thumb/v7e-m/fpv4-sp/hard\libc_nano.a(lib_a-locale.o) (__ascii_wctomb)
d:/gnu tools arm embedded/6 2017-q2-update/bin/../lib/gcc/arm-none-eabi/6.3.1/../../../../arm-none-eabi/lib/thumb/v7e-m/fpv4-sp/hard\libc_nano.a(lib_a-ctype_.o)
                              d:/gnu tools arm embedded/6 2017-q2-update/bin/../lib/gcc/arm-none-eabi/6.3.1/../../../../arm-none-eabi/lib/thumb/v7e-m/fpv4-sp/hard\libc_nano.a(lib_a-locale.o) (_ctype_)
d:/gnu tools arm embedded/6 2017-q2-update/bin/../lib/gcc/arm-none-eabi/6.3.1/../../../../arm-none-eabi/lib/thumb/v7e-m/fpv4-sp/hard\libc_nano.a(lib_a-findfp.o)
[...]
Memory Configuration

Name             Origin             Length             Attributes
FLASH            0x0001f000         0x00061000         xr
RAM              0x20001fc0         0x0000e040         xrw
*default*        0x00000000         0xffffffff

Linker script and memory map


.text           0x0001f000    0x15f80
 *(.isr_vector)
 .isr_vector    0x0001f000      0x200 ./components/toolchain/gcc/gcc_startup_nrf52.o
                0x0001f000                __isr_vector
 *(.text*)
 .text          0x0001f200       0x6c d:/gnu tools arm embedded/6 2017-q2-update/bin/../lib/gcc/arm-none-eabi/6.3.1/thumb/v7e-m/fpv4-sp/hard/crtbegin.o
 .text          0x0001f26c       0x74 d:/gnu tools arm embedded/6 2017-q2-update/bin/../lib/gcc/arm-none-eabi/6.3.1/../../../../arm-none-eabi/lib/thumb/v7e-m/fpv4-sp/hard/crt0.o
                0x0001f26c                _start
                0x0001f26c                _mainCRTStartup
 .text.ble_bas_on_ble_evt
                0x0001f2e0       0x48 C:\Users\Michael\AppData\Local\Temp\ccKOGgif.ltrans0.ltrans.o
                0x0001f2e0                ble_bas_on_ble_evt
 .text.battery_level_char_add
                0x0001f328      0x204 C:\Users\Michael\AppData\Local\Temp\ccKOGgif.ltrans0.ltrans.o
 .text.ble_bas_init
                0x0001f52c       0x70 C:\Users\Michael\AppData\Local\Temp\ccKOGgif.ltrans0.ltrans.o
                0x0001f52c                ble_bas_init
 .text.ble_bas_battery_level_update
                0x0001f59c       0xc0 C:\Users\Michael\AppData\Local\Temp\ccKOGgif.ltrans0.ltrans.o
                0x0001f59c                ble_bas_battery_level_update
 .text.sd_ble_gap_adv_start
                0x0001f65c        0x6 C:\Users\Michael\AppData\Local\Temp\ccKOGgif.ltrans0.ltrans.o
 *fill*         0x0001f662        0x2 
 .text.whitelist_has_entries
                0x0001f664       0x18 C:\Users\Michael\AppData\Local\Temp\ccKOGgif.ltrans0.ltrans.o
 .text.addr_is_valid
                0x0001f67c       0x38 C:\Users\Michael\AppData\Local\Temp\ccKOGgif.ltrans0.ltrans.o
 .text.adv_mode_next_get
                0x0001f6b4       0x34 C:\Users\Michael\AppData\Local\Temp\ccKOGgif.ltrans0.ltrans.o
 .text.on_connected
                0x0001f6e8       0x28 C:\Users\Michael\AppData\Local\Temp\ccKOGgif.ltrans0.ltrans.o
 .text.on_disconnected
                0x0001f710       0x58 C:\Users\Michael\AppData\Local\Temp\ccKOGgif.ltrans0.ltrans.o
 .text.on_timeout
                0x0001f768       0x54 C:\Users\Michael\AppData\Local\Temp\ccKOGgif.ltrans0.ltrans.o
 .text.flash_access_in_progress
                0x0001f7bc       0x22 C:\Users\Michael\AppData\Local\Temp\ccKOGgif.ltrans0.ltrans.o
 *fill*         0x0001f7de        0x2 
 .text.adv_mode_next_avail_get
                0x0001f7e0       0xa0 C:\Users\Michael\AppData\Local\Temp\ccKOGgif.ltrans0.ltrans.o
 .text.set_adv_mode_directed
                0x0001f880       0x40 C:\Users\Michael\AppData\Local\Temp\ccKOGgif.ltrans0.ltrans.o
 .text.set_adv_mode_directed_slow
                0x0001f8c0       0x54 C:\Users\Michael\AppData\Local\Temp\ccKOGgif.ltrans0.ltrans.o
 .text.set_adv_mode_fast
                0x0001f914       0xa8 C:\Users\Michael\AppData\Local\Temp\ccKOGgif.ltrans0.ltrans.o
 .text.set_adv_mode_slow
                0x0001f9bc       0xa8 C:\Users\Michael\AppData\Local\Temp\ccKOGgif.ltrans0.ltrans.o
 .text.ble_advertising_init
                0x0001fa64      0x2d4 C:\Users\Michael\AppData\Local\Temp\ccKOGgif.ltrans0.ltrans.o
                0x0001fa64                ble_advertising_init
 .text.ble_advertising_start
                0x0001fd38      0x264 C:\Users\Michael\AppData\Local\Temp\ccKOGgif.ltrans0.ltrans.o
                0x0001fd38                ble_advertising_start
 .text.ble_advertising_on_ble_evt
                0x0001ff9c       0x34 C:\Users\Michael\AppData\Local\Temp\ccKOGgif.ltrans0.ltrans.o
                0x0001ff9c                ble_advertising_on_ble_evt
 .text.ble_advertising_on_sys_evt
                0x0001ffd0       0x68 C:\Users\Michael\AppData\Local\Temp\ccKOGgif.ltrans0.ltrans.o
                0x0001ffd0                ble_advertising_on_sys_evt
 .text.ble_advertising_peer_addr_reply
                0x00020038       0x48 C:\Users\Michael\AppData\Local\Temp\ccKOGgif.ltrans0.ltrans.o
                0x00020038                ble_advertising_peer_addr_reply
 .text.ble_advertising_whitelist_reply
                0x00020080       0x64 C:\Users\Michael\AppData\Local\Temp\ccKOGgif.ltrans0.ltrans.o
                0x00020080                ble_advertising_whitelist_reply
 .text.ble_hids_init
                0x000200e4      0x1ba C:\Users\Michael\AppData\Local\Temp\ccKOGgif.ltrans1.ltrans.o
                0x000200e4                ble_hids_init
 .text.ble_hids_inp_rep_send
                0x0002029e       0xa8 C:\Users\Michael\AppData\Local\Temp\ccKOGgif.ltrans1.ltrans.o
                0x0002029e                ble_hids_inp_rep_send
 .text.ble_hids_boot_kb_inp_rep_send
                0x00020346       0x7e C:\Users\Michael\AppData\Local\Temp\ccKOGgif.ltrans1.ltrans.o
                0x00020346                ble_hids_boot_kb_inp_rep_send
 .text.ble_hids_outp_rep_get
                0x000203c4       0x62 C:\Users\Michael\AppData\Local\Temp\ccKOGgif.ltrans1.ltrans.o
                0x000203c4                ble_hids_outp_rep_get
 .text.uint16_encode
                0x00020426       0x30 C:\Users\Michael\AppData\Local\Temp\ccKOGgif.ltrans1.ltrans.o
 .text.sd_ble_gatts_service_add.lto_priv.191
                0x00020456        0x6 C:\Users\Michael\AppData\Local\Temp\ccKOGgif.ltrans1.ltrans.o
 .text.sd_ble_gatts_characteristic_add
                0x0002045c        0x6 C:\Users\Michael\AppData\Local\Temp\ccKOGgif.ltrans1.ltrans.o
 .text.sys_id_encode
                0x00020462       0xe0 C:\Users\Michael\AppData\Local\Temp\ccKOGgif.ltrans1.ltrans.o
 .text.pnp_id_encode
                0x00020542       0xc2 C:\Users\Michael\AppData\Local\Temp\ccKOGgif.ltrans1.ltrans.o
 .text.char_add
                0x00020604      0x108 C:\Users\Michael\AppData\Local\Temp\ccKOGgif.ltrans1.ltrans.o
 .text.ble_dis_init
                0x0002070c      0x220 C:\Users\Michael\AppData\Local\Temp\ccKOGgif.ltrans1.ltrans.o
                0x0002070c                ble_dis_init
 .text.sd_ble_gatts_service_add.lto_priv.14
                0x0002092c        0x6 C:\Users\Michael\AppData\Local\Temp\ccKOGgif.ltrans1.ltrans.o
                0x0002092c                sd_ble_gatts_service_add.lto_priv.14
 .text.sd_ble_gatts_characteristic_add.lto_priv.12
                0x00020932        0x6 C:\Users\Michael\AppData\Local\Temp\ccKOGgif.ltrans1.ltrans.o
                0x00020932                sd_ble_gatts_characteristic_add.lto_priv.12
 .text.sd_ble_gatts_descriptor_add.lto_priv.10
                0x00020938        0x6 C:\Users\Michael\AppData\Local\Temp\ccKOGgif.ltrans1.ltrans.o
                0x00020938                sd_ble_gatts_descriptor_add.lto_priv.10
 .text.sd_ble_gatts_value_set.lto_priv.8
                0x0002093e        0x6 C:\Users\Michael\AppData\Local\Temp\ccKOGgif.ltrans1.ltrans.o
                0x0002093e                sd_ble_gatts_value_set.lto_priv.8
 .text.sd_ble_gatts_hvx.lto_priv.6
                0x00020944        0x6 C:\Users\Michael\AppData\Local\Temp\ccKOGgif.ltrans1.ltrans.o
                0x00020944                sd_ble_gatts_hvx.lto_priv.6
 .text.on_connect.lto_priv.44
                0x0002094a       0x1c C:\Users\Michael\AppData\Local\Temp\ccKOGgif.ltrans1.ltrans.o
                0x0002094a                on_connect.lto_priv.44
 .text.on_disconnect.lto_priv.43
                0x00020966       0x1c C:\Users\Michael\AppData\Local\Temp\ccKOGgif.ltrans1.ltrans.o
                0x00020966                on_disconnect.lto_priv.43
 .text.on_write.lto_priv.42
                0x00020982       0x62 C:\Users\Michael\AppData\Local\Temp\ccKOGgif.ltrans1.ltrans.o
                0x00020982                on_write.lto_priv.42
 .text.on_report_value_read_auth
                0x000209e4       0x3a C:\Users\Michael\AppData\Local\Temp\ccKOGgif.ltrans2.ltrans.o
 .text.inp_rep_cccd_identify
                0x00020a1e       0x66 C:\Users\Michael\AppData\Local\Temp\ccKOGgif.ltrans2.ltrans.o
 .text.rep_value_identify
                0x00020a84      0x106 C:\Users\Michael\AppData\Local\Temp\ccKOGgif.ltrans2.ltrans.o
 .text.on_write
                0x00020b8a      0x146 C:\Users\Michael\AppData\Local\Temp\ccKOGgif.ltrans2.ltrans.o
 .text.on_rw_authorize_request
                0x00020cd0       0x46 C:\Users\Michael\AppData\Local\Temp\ccKOGgif.ltrans2.ltrans.o
 .text.ble_hids_on_ble_evt
                0x00020d16       0x52 C:\Users\Michael\AppData\Local\Temp\ccKOGgif.ltrans2.ltrans.o
                0x00020d16                ble_hids_on_ble_evt
 .text.protocol_mode_char_add.lto_priv.200
                0x00020d68       0xd8 C:\Users\Michael\AppData\Local\Temp\ccKOGgif.ltrans2.ltrans.o
                0x00020d68                protocol_mode_char_add.lto_priv.200
 .text.rep_char_add
                0x00020e40      0x1cc C:\Users\Michael\AppData\Local\Temp\ccKOGgif.ltrans2.ltrans.o
 .text.rep_map_char_add.lto_priv.196
                0x0002100c      0x21a C:\Users\Michael\AppData\Local\Temp\ccKOGgif.ltrans2.ltrans.o
                0x0002100c                rep_map_char_add.lto_priv.196
 .text.boot_inp_rep_char_add.lto_priv.194
                0x00021226      0x138 C:\Users\Michael\AppData\Local\Temp\ccKOGgif.ltrans2.ltrans.o
                0x00021226                boot_inp_rep_char_add.lto_priv.194
 .text.boot_kb_outp_rep_char_add.lto_priv.195
                0x0002135e       0xe4 C:\Users\Michael\AppData\Local\Temp\ccKOGgif.ltrans2.ltrans.o
                0x0002135e                boot_kb_outp_rep_char_add.lto_priv.195
 .text.encode_hid_information
                0x00021442       0x62 C:\Users\Michael\AppData\Local\Temp\ccKOGgif.ltrans2.ltrans.o
 .text.hid_information_char_add.lto_priv.193
                0x000214a4       0xea C:\Users\Michael\AppData\Local\Temp\ccKOGgif.ltrans2.ltrans.o
                0x000214a4                hid_information_char_add.lto_priv.193
 .text.hid_control_point_char_add.lto_priv.192
                0x0002158e       0xce C:\Users\Michael\AppData\Local\Temp\ccKOGgif.ltrans2.ltrans.o
                0x0002158e                hid_control_point_char_add.lto_priv.192
 .text.inp_rep_characteristics_add.lto_priv.199
                0x0002165c       0xd4 C:\Users\Michael\AppData\Local\Temp\ccKOGgif.ltrans2.ltrans.o
                0x0002165c                inp_rep_characteristics_add.lto_priv.199
 .text.outp_rep_characteristics_add.lto_priv.198
                0x00021730       0xc0 C:\Users\Michael\AppData\Local\Temp\ccKOGgif.ltrans2.ltrans.o
                0x00021730                outp_rep_characteristics_add.lto_priv.198
 .text.feature_rep_characteristics_add.lto_priv.197
                0x000217f0       0xb6 C:\Users\Michael\AppData\Local\Temp\ccKOGgif.ltrans2.ltrans.o
                0x000217f0                feature_rep_characteristics_add.lto_priv.197
 .text.includes_add.lto_priv.201
                0x000218a6       0x52 C:\Users\Michael\AppData\Local\Temp\ccKOGgif.ltrans2.ltrans.o
                0x000218a6                includes_add.lto_priv.201
 .text.ble_conn_state_on_ble_evt
                0x000218f8       0xdc C:\Users\Michael\AppData\Local\Temp\ccKOGgif.ltrans3.ltrans.o
                0x000218f8                ble_conn_state_on_ble_evt
 .text.ble_conn_state_role
                0x000219d4       0x68 C:\Users\Michael\AppData\Local\Temp\ccKOGgif.ltrans3.ltrans.o
                0x000219d4                ble_conn_state_role
 .text.ble_conn_state_encrypted
                0x00021a3c       0x30 C:\Users\Michael\AppData\Local\Temp\ccKOGgif.ltrans3.ltrans.o
                0x00021a3c                ble_conn_state_encrypted
 .text.ble_conn_state_mitm_protected
                0x00021a6c       0x30 C:\Users\Michael\AppData\Local\Temp\ccKOGgif.ltrans3.ltrans.o
                0x00021a6c                ble_conn_state_mitm_protected
 .text.ble_conn_state_conn_handles
                0x00021a9c       0x2c C:\Users\Michael\AppData\Local\Temp\ccKOGgif.ltrans3.ltrans.o
                0x00021a9c                ble_conn_state_conn_handles
 .text.ble_conn_state_user_flag_acquire
                0x00021ac8       0x42 C:\Users\Michael\AppData\Local\Temp\ccKOGgif.ltrans3.ltrans.o
                0x00021ac8                ble_conn_state_user_flag_acquire
 *fill*         0x00021b0a        0x2 
 .text.ble_conn_state_user_flag_get
                0x00021b0c       0x50 C:\Users\Michael\AppData\Local\Temp\ccKOGgif.ltrans3.ltrans.o
                0x00021b0c                ble_conn_state_user_flag_get
 .text.ble_conn_state_user_flag_set
                0x00021b5c       0x4c C:\Users\Michael\AppData\Local\Temp\ccKOGgif.ltrans3.ltrans.o
                0x00021b5c                ble_conn_state_user_flag_set
 .text.ble_conn_state_user_flag_collection
                0x00021ba8       0x38 C:\Users\Michael\AppData\Local\Temp\ccKOGgif.ltrans3.ltrans.o
                0x00021ba8                ble_conn_state_user_flag_collection
 .text.uint16_decode
                0x00021be0       0x2a C:\Users\Michael\AppData\Local\Temp\ccKOGgif.ltrans3.ltrans.o
 .text.ble_srv_is_notification_enabled
                0x00021c0a       0x2a C:\Users\Michael\AppData\Local\Temp\ccKOGgif.ltrans3.ltrans.o
                0x00021c0a                ble_srv_is_notification_enabled
 .text.ble_srv_report_ref_encode
                0x00021c34       0x56 C:\Users\Michael\AppData\Local\Temp\ccKOGgif.ltrans3.ltrans.o
                0x00021c34                ble_srv_report_ref_encode
 .text.ble_srv_ascii_to_utf8
                0x00021c8a       0x24 C:\Users\Michael\AppData\Local\Temp\ccKOGgif.ltrans3.ltrans.o
                0x00021c8a                ble_srv_ascii_to_utf8
 .text.uint16_encode.lto_priv.204
                0x00021cae       0x30 C:\Users\Michael\AppData\Local\Temp\ccKOGgif.ltrans3.ltrans.o
                0x00021cae                uint16_encode.lto_priv.204
 .text.sd_ble_gatts_service_add.lto_priv.190
                0x00021cde        0x6 C:\Users\Michael\AppData\Local\Temp\ccKOGgif.ltrans3.ltrans.o
                0x00021cde                sd_ble_gatts_service_add.lto_priv.190
 .text.sd_ble_gatts_include_add.lto_priv.202
                0x00021ce4        0x6 C:\Users\Michael\AppData\Local\Temp\ccKOGgif.ltrans3.ltrans.o
                0x00021ce4                sd_ble_gatts_include_add.lto_priv.202
 .text.sd_ble_gatts_characteristic_add.lto_priv.203
                0x00021cea        0x6 C:\Users\Michael\AppData\Local\Temp\ccKOGgif.ltrans3.ltrans.o
                0x00021cea                sd_ble_gatts_characteristic_add.lto_priv.203
 .text.sd_ble_gatts_descriptor_add.lto_priv.205
                0x00021cf0        0x6 C:\Users\Michael\AppData\Local\Temp\ccKOGgif.ltrans3.ltrans.o
                0x00021cf0                sd_ble_gatts_descriptor_add.lto_priv.205
 .text.sd_ble_gatts_value_set.lto_priv.247
                0x00021cf6        0x6 C:\Users\Michael\AppData\Local\Temp\ccKOGgif.ltrans3.ltrans.o
 .text.sd_ble_gatts_value_get.lto_priv.79
                0x00021cfc        0x6 C:\Users\Michael\AppData\Local\Temp\ccKOGgif.ltrans3.ltrans.o
                0x00021cfc                sd_ble_gatts_value_get.lto_priv.79
 .text.sd_ble_gatts_hvx.lto_priv.188
                0x00021d02        0x6 C:\Users\Michael\AppData\Local\Temp\ccKOGgif.ltrans3.ltrans.o
                0x00021d02                sd_ble_gatts_hvx.lto_priv.188
 .text.sd_ble_uuid_encode.lto_priv.206
                0x00021d08        0x6 C:\Users\Michael\AppData\Local\Temp\ccKOGgif.ltrans3.ltrans.o
                0x00021d08                sd_ble_uuid_encode.lto_priv.206
 .text.make_char_id.lto_priv.211
                0x00021d0e       0x40 C:\Users\Michael\AppData\Local\Temp\ccKOGgif.ltrans3.ltrans.o
                0x00021d0e                make_char_id.lto_priv.211
 .text.on_connect.lto_priv.208
                0x00021d4e       0x6e C:\Users\Michael\AppData\Local\Temp\ccKOGgif.ltrans3.ltrans.o
                0x00021d4e                on_connect.lto_priv.208
 .text.on_disconnect.lto_priv.207
                0x00021dbc       0x1e C:\Users\Michael\AppData\Local\Temp\ccKOGgif.ltrans3.ltrans.o
                0x00021dbc                on_disconnect.lto_priv.207
 .text.on_control_point_write.lto_priv.213
                0x00021dda       0x46 C:\Users\Michael\AppData\Local\Temp\ccKOGgif.ltrans3.ltrans.o
                0x00021dda                on_control_point_write.lto_priv.213
 .text.on_protocol_mode_write.lto_priv.212
                0x00021e20       0x46 C:\Users\Michael\AppData\Local\Temp\ccKOGgif.ltrans3.ltrans.o
                0x00021e20                on_protocol_mode_write.lto_priv.212
 .text.on_report_cccd_write.lto_priv.210
                0x00021e66       0x54 C:\Users\Michael\AppData\Local\Temp\ccKOGgif.ltrans3.ltrans.o
                0x00021e66                on_report_cccd_write.lto_priv.210
 .text.on_report_value_write.lto_priv.209
                0x00021eba       0x48 C:\Users\Michael\AppData\Local\Temp\ccKOGgif.ltrans3.ltrans.o
                0x00021eba                on_report_value_write.lto_priv.209
 .text.adv_data_encode
                0x00021f02      0x1bc C:\Users\Michael\AppData\Local\Temp\ccKOGgif.ltrans4.ltrans.o
 .text.advdata_check
                0x000220be       0x26 C:\Users\Michael\AppData\Local\Temp\ccKOGgif.ltrans4.ltrans.o
 .text.srdata_check
                0x000220e4       0x22 C:\Users\Michael\AppData\Local\Temp\ccKOGgif.ltrans4.ltrans.o
 .text.ble_advdata_set
                0x00022106       0xc0 C:\Users\Michael\AppData\Local\Temp\ccKOGgif.ltrans4.ltrans.o
                0x00022106                ble_advdata_set
 .text.sd_ble_gap_conn_param_update.lto_priv.470
                0x000221c6        0x6 C:\Users\Michael\AppData\Local\Temp\ccKOGgif.ltrans4.ltrans.o
 .text.sd_ble_gap_disconnect.lto_priv.468
                0x000221cc        0x6 C:\Users\Michael\AppData\Local\Temp\ccKOGgif.ltrans4.ltrans.o
 .text.sd_ble_gap_ppcp_set.lto_priv.460
                0x000221d2        0x6 C:\Users\Michael\AppData\Local\Temp\ccKOGgif.ltrans4.ltrans.o
 .text.sd_ble_gap_ppcp_get.lto_priv.458
                0x000221d8        0x6 C:\Users\Michael\AppData\Local\Temp\ccKOGgif.ltrans4.ltrans.o
 *fill*         0x000221de        0x2 
 .text.is_conn_params_ok
                0x000221e0       0x40 C:\Users\Michael\AppData\Local\Temp\ccKOGgif.ltrans4.ltrans.o
 .text.update_timeout_handler
                0x00022220      0x108 C:\Users\Michael\AppData\Local\Temp\ccKOGgif.ltrans4.ltrans.o
 .text.ble_conn_params_init
                0x00022328       0xbc C:\Users\Michael\AppData\Local\Temp\ccKOGgif.ltrans4.ltrans.o
                0x00022328                ble_conn_params_init
 .text.conn_params_negotiation
                0x000223e4       0xec C:\Users\Michael\AppData\Local\Temp\ccKOGgif.ltrans4.ltrans.o
 .text.on_connect
                0x000224d0       0x50 C:\Users\Michael\AppData\Local\Temp\ccKOGgif.ltrans4.ltrans.o
 .text.on_disconnect
                0x00022520       0x5c C:\Users\Michael\AppData\Local\Temp\ccKOGgif.ltrans4.ltrans.o
 .text.on_write
                0x0002257c       0x78 C:\Users\Michael\AppData\Local\Temp\ccKOGgif.ltrans4.ltrans.o
 .text.on_conn_params_update
                0x000225f4       0x28 C:\Users\Michael\AppData\Local\Temp\ccKOGgif.ltrans4.ltrans.o
 .text.ble_conn_params_on_ble_evt
                0x0002261c       0x48 C:\Users\Michael\AppData\Local\Temp\ccKOGgif.ltrans4.ltrans.o
                0x0002261c                ble_conn_params_on_ble_evt
 .text.record_activate.lto_priv.346
                0x00022664       0x84 C:\Users\Michael\AppData\Local\Temp\ccKOGgif.ltrans4.ltrans.o
                0x00022664                record_activate.lto_priv.346
 .text.record_invalidate
                0x000226e8       0x34 C:\Users\Michael\AppData\Local\Temp\ccKOGgif.ltrans4.ltrans.o
 .text.record_set_disconnected.lto_priv.345
                0x0002271c       0x2c C:\Users\Michael\AppData\Local\Temp\ccKOGgif.ltrans4.ltrans.o
                0x0002271c                record_set_disconnected.lto_priv.345
 .text.record_purge_disconnected.lto_priv.347
                0x00022748       0x78 C:\Users\Michael\AppData\Local\Temp\ccKOGgif.ltrans4.ltrans.o
                0x00022748                record_purge_disconnected.lto_priv.347
 .text.user_flag_is_acquired.lto_priv.343
                0x000227c0       0x34 C:\Users\Michael\AppData\Local\Temp\ccKOGgif.ltrans4.ltrans.o
                0x000227c0                user_flag_is_acquired.lto_priv.343
 .text.user_flag_acquire.lto_priv.344
                0x000227f4       0x34 C:\Users\Michael\AppData\Local\Temp\ccKOGgif.ltrans4.ltrans.o
                0x000227f4                user_flag_acquire.lto_priv.344
 .text.data_length_update
                0x00022828       0x60 C:\Users\Michael\AppData\Local\Temp\ccKOGgif.ltrans5.ltrans.o
 .text.on_connected_evt
                0x00022888       0xac C:\Users\Michael\AppData\Local\Temp\ccKOGgif.ltrans5.ltrans.o
 .text.on_disconnected_evt
                0x00022934       0x22 C:\Users\Michael\AppData\Local\Temp\ccKOGgif.ltrans5.ltrans.o
 .text.on_exchange_mtu_rsp_evt
                0x00022956       0x84 C:\Users\Michael\AppData\Local\Temp\ccKOGgif.ltrans5.ltrans.o
 *fill*         0x000229da        0x2 
 .text.on_exchange_mtu_request_evt
                0x000229dc       0xa0 C:\Users\Michael\AppData\Local\Temp\ccKOGgif.ltrans5.ltrans.o
 .text.on_data_length_update_evt
                0x00022a7c       0x7a C:\Users\Michael\AppData\Local\Temp\ccKOGgif.ltrans5.ltrans.o
 *fill*         0x00022af6        0x2 
 .text.on_data_length_update_request_evt
                0x00022af8       0x78 C:\Users\Michael\AppData\Local\Temp\ccKOGgif.ltrans5.ltrans.o
 .text.nrf_ble_gatt_init
                0x00022b70       0x58 C:\Users\Michael\AppData\Local\Temp\ccKOGgif.ltrans5.ltrans.o
                0x00022b70                nrf_ble_gatt_init
 .text.nrf_ble_gatt_on_ble_evt
                0x00022bc8       0xd8 C:\Users\Michael\AppData\Local\Temp\ccKOGgif.ltrans5.ltrans.o
                0x00022bc8                nrf_ble_gatt_on_ble_evt
 .text.sd_ble_gap_addr_get
                0x00022ca0        0x6 C:\Users\Michael\AppData\Local\Temp\ccKOGgif.ltrans5.ltrans.o
 .text.sd_ble_gap_adv_data_set.lto_priv.476
                0x00022ca6        0x6 C:\Users\Michael\AppData\Local\Temp\ccKOGgif.ltrans5.ltrans.o
                0x00022ca6                sd_ble_gap_adv_data_set.lto_priv.476
 .text.sd_ble_gap_appearance_get
                0x00022cac        0x6 C:\Users\Michael\AppData\Local\Temp\ccKOGgif.ltrans5.ltrans.o
 .text.sd_ble_gap_device_name_get
                0x00022cb2        0x6 C:\Users\Michael\AppData\Local\Temp\ccKOGgif.ltrans5.ltrans.o
 .text.sd_ble_uuid_encode
                0x00022cb8        0x6 C:\Users\Michael\AppData\Local\Temp\ccKOGgif.ltrans5.ltrans.o
 .text.uint16_encode
                0x00022cbe       0x30 C:\Users\Michael\AppData\Local\Temp\ccKOGgif.ltrans5.ltrans.o
 .text.ble_device_addr_encode.lto_priv.506
                0x00022cee       0xce C:\Users\Michael\AppData\Local\Temp\ccKOGgif.ltrans5.ltrans.o
                0x00022cee                ble_device_addr_encode.lto_priv.506
 .text.name_encode.lto_priv.498
                0x00022dbc      0x11a C:\Users\Michael\AppData\Local\Temp\ccKOGgif.ltrans5.ltrans.o
                0x00022dbc                name_encode.lto_priv.498
 .text.appearance_encode.lto_priv.505
                0x00022ed6       0x98 C:\Users\Michael\AppData\Local\Temp\ccKOGgif.ltrans5.ltrans.o
                0x00022ed6                appearance_encode.lto_priv.505
 .text.flags_encode.lto_priv.504
                0x00022f6e       0x80 C:\Users\Michael\AppData\Local\Temp\ccKOGgif.ltrans5.ltrans.o
                0x00022f6e                flags_encode.lto_priv.504
 .text.tx_power_level_encode.lto_priv.503
                0x00022fee       0x80 C:\Users\Michael\AppData\Local\Temp\ccKOGgif.ltrans5.ltrans.o
                0x00022fee                tx_power_level_encode.lto_priv.503
 .text.uuid_list_sized_encode
                0x0002306e      0x138 C:\Users\Michael\AppData\Local\Temp\ccKOGgif.ltrans5.ltrans.o
 .text.uuid_list_encode.lto_priv.502
                0x000231a6       0x5c C:\Users\Michael\AppData\Local\Temp\ccKOGgif.ltrans5.ltrans.o
                0x000231a6                uuid_list_encode.lto_priv.502
 .text.conn_int_check
                0x00023202       0x82 C:\Users\Michael\AppData\Local\Temp\ccKOGgif.ltrans5.ltrans.o
 .text.conn_int_encode.lto_priv.501
                0x00023284       0xbe C:\Users\Michael\AppData\Local\Temp\ccKOGgif.ltrans5.ltrans.o
                0x00023284                conn_int_encode.lto_priv.501
 .text.manuf_specific_data_encode.lto_priv.500
                0x00023342       0xde C:\Users\Michael\AppData\Local\Temp\ccKOGgif.ltrans5.ltrans.o
                0x00023342                manuf_specific_data_encode.lto_priv.500
 .text.service_data_encode.lto_priv.499
                0x00023420       0xfe C:\Users\Michael\AppData\Local\Temp\ccKOGgif.ltrans5.ltrans.o
                0x00023420                service_data_encode.lto_priv.499
 *fill*         0x0002351e        0x2 
 .text.flags_set_from_err_code
                0x00023520       0xe0 C:\Users\Michael\AppData\Local\Temp\ccKOGgif.ltrans6.ltrans.o
 .text.events_send_from_err_code
                0x00023600       0x58 C:\Users\Michael\AppData\Local\Temp\ccKOGgif.ltrans6.ltrans.o
 .text.link_secure
                0x00023658      0x114 C:\Users\Michael\AppData\Local\Temp\ccKOGgif.ltrans6.ltrans.o
 .text.send_config_req
                0x0002376c       0x30 C:\Users\Michael\AppData\Local\Temp\ccKOGgif.ltrans6.ltrans.o
 .text.smd_params_reply_perform
                0x0002379c       0xd4 C:\Users\Michael\AppData\Local\Temp\ccKOGgif.ltrans6.ltrans.o
 .text.sm_smd_evt_handler
                0x00023870       0xfc C:\Users\Michael\AppData\Local\Temp\ccKOGgif.ltrans6.ltrans.o
                0x00023870                sm_smd_evt_handler
 .text.link_secure_pending_process
                0x0002396c       0xd4 C:\Users\Michael\AppData\Local\Temp\ccKOGgif.ltrans6.ltrans.o
 .text.params_reply_pending_process
                0x00023a40       0x7e C:\Users\Michael\AppData\Local\Temp\ccKOGgif.ltrans6.ltrans.o
 *fill*         0x00023abe        0x2 
 .text.sm_pdb_evt_handler
                0x00023ac0       0x8c C:\Users\Michael\AppData\Local\Temp\ccKOGgif.ltrans6.ltrans.o
                0x00023ac0                sm_pdb_evt_handler
 .text.flag_id_init
                0x00023b4c       0x22 C:\Users\Michael\AppData\Local\Temp\ccKOGgif.ltrans6.ltrans.o
 *fill*         0x00023b6e        0x2 
 .text.sm_init  0x00023b70       0x8c C:\Users\Michael\AppData\Local\Temp\ccKOGgif.ltrans6.ltrans.o
                0x00023b70                sm_init
 .text.sm_ble_evt_handler
                0x00023bfc       0x24 C:\Users\Michael\AppData\Local\Temp\ccKOGgif.ltrans6.ltrans.o
                0x00023bfc                sm_ble_evt_handler
 .text.sec_params_verify
                0x00023c20      0x17c C:\Users\Michael\AppData\Local\Temp\ccKOGgif.ltrans6.ltrans.o
 .text.sm_sec_params_set
                0x00023d9c       0x58 C:\Users\Michael\AppData\Local\Temp\ccKOGgif.ltrans6.ltrans.o
                0x00023d9c                sm_sec_params_set
 .text.sm_conn_sec_config_reply
                0x00023df4       0x40 C:\Users\Michael\AppData\Local\Temp\ccKOGgif.ltrans6.ltrans.o
                0x00023df4                sm_conn_sec_config_reply
 .text.sd_ble_gap_data_length_update.lto_priv.511
                0x00023e34        0x6 C:\Users\Michael\AppData\Local\Temp\ccKOGgif.ltrans6.ltrans.o
                0x00023e34                sd_ble_gap_data_length_update.lto_priv.511
 .text.sd_ble_gattc_exchange_mtu_request.lto_priv.509
                0x00023e3a        0x6 C:\Users\Michael\AppData\Local\Temp\ccKOGgif.ltrans6.ltrans.o
                0x00023e3a                sd_ble_gattc_exchange_mtu_request.lto_priv.509
 .text.sd_ble_gatts_exchange_mtu_reply.lto_priv.507
                0x00023e40        0x6 C:\Users\Michael\AppData\Local\Temp\ccKOGgif.ltrans6.ltrans.o
                0x00023e40                sd_ble_gatts_exchange_mtu_reply.lto_priv.507
 .text.link_init.lto_priv.513
                0x00023e46       0x36 C:\Users\Michael\AppData\Local\Temp\ccKOGgif.ltrans6.ltrans.o
                0x00023e46                link_init.lto_priv.513
 .text.smd_pdb_evt_handler
                0x00023e7c       0x4c C:\Users\Michael\AppData\Local\Temp\ccKOGgif.ltrans7.ltrans.o
                0x00023e7c                smd_pdb_evt_handler
 .text.sec_params_request_process
                0x00023ec8       0x2a C:\Users\Michael\AppData\Local\Temp\ccKOGgif.ltrans7.ltrans.o
 *fill*         0x00023ef2        0x2 
 .text.sec_proc_start
                0x00023ef4       0x94 C:\Users\Michael\AppData\Local\Temp\ccKOGgif.ltrans7.ltrans.o
 .text.sec_info_request_process
                0x00023f88      0x112 C:\Users\Michael\AppData\Local\Temp\ccKOGgif.ltrans7.ltrans.o
 .text.sec_request_process
                0x0002409a       0x5a C:\Users\Michael\AppData\Local\Temp\ccKOGgif.ltrans7.ltrans.o
 .text.auth_status_success_process
                0x000240f4      0x110 C:\Users\Michael\AppData\Local\Temp\ccKOGgif.ltrans7.ltrans.o
 .text.pairing_failure
                0x00024204       0xb8 C:\Users\Michael\AppData\Local\Temp\ccKOGgif.ltrans7.ltrans.o
 .text.encryption_failure
                0x000242bc       0x54 C:\Users\Michael\AppData\Local\Temp\ccKOGgif.ltrans7.ltrans.o
 .text.link_secure_failure
                0x00024310       0x7c C:\Users\Michael\AppData\Local\Temp\ccKOGgif.ltrans7.ltrans.o
 .text.disconnect_process
                0x0002438c       0x30 C:\Users\Michael\AppData\Local\Temp\ccKOGgif.ltrans7.ltrans.o
 .text.auth_status_failure_process
                0x000243bc       0x28 C:\Users\Michael\AppData\Local\Temp\ccKOGgif.ltrans7.ltrans.o
 .text.auth_status_process
                0x000243e4       0x24 C:\Users\Michael\AppData\Local\Temp\ccKOGgif.ltrans7.ltrans.o
 .text.conn_sec_update_process
                0x00024408       0x8c C:\Users\Michael\AppData\Local\Temp\ccKOGgif.ltrans7.ltrans.o
 .text.flag_id_init
                0x00024494       0x22 C:\Users\Michael\AppData\Local\Temp\ccKOGgif.ltrans7.ltrans.o
 *fill*         0x000244b6        0x2 
 .text.smd_init
                0x000244b8       0x70 C:\Users\Michael\AppData\Local\Temp\ccKOGgif.ltrans7.ltrans.o
                0x000244b8                smd_init
 .text.smd_params_reply
                0x00024528      0x1c8 C:\Users\Michael\AppData\Local\Temp\ccKOGgif.ltrans7.ltrans.o
                0x00024528                smd_params_reply
 .text.link_secure_central_existing_peer
                0x000246f0      0x154 C:\Users\Michael\AppData\Local\Temp\ccKOGgif.ltrans7.ltrans.o
 .text.link_secure_central_new_peer
                0x00024844       0xb2 C:\Users\Michael\AppData\Local\Temp\ccKOGgif.ltrans7.ltrans.o
 .text.link_secure_central
                0x000248f6       0xc6 C:\Users\Michael\AppData\Local\Temp\ccKOGgif.ltrans7.ltrans.o
 .text.link_secure_peripheral
                0x000249bc       0x22 C:\Users\Michael\AppData\Local\Temp\ccKOGgif.ltrans7.ltrans.o
 .text.smd_link_secure
                0x000249de       0x50 C:\Users\Michael\AppData\Local\Temp\ccKOGgif.ltrans7.ltrans.o
                0x000249de                smd_link_secure
 *fill*         0x00024a2e        0x2 
 .text.smd_ble_evt_handler
                0x00024a30       0xa0 C:\Users\Michael\AppData\Local\Temp\ccKOGgif.ltrans7.ltrans.o
                0x00024a30                smd_ble_evt_handler
 .text.sdk_mapped_flags_any_set.lto_priv.524
                0x00024ad0       0x20 C:\Users\Michael\AppData\Local\Temp\ccKOGgif.ltrans7.ltrans.o
                0x00024ad0                sdk_mapped_flags_any_set.lto_priv.524
 .text.evt_send.lto_priv.525
                0x00024af0       0x2c C:\Users\Michael\AppData\Local\Temp\ccKOGgif.ltrans7.ltrans.o
                0x00024af0                evt_send.lto_priv.525
 .text.lock_by_mask
                0x00024b1c       0x5e C:\Users\Michael\AppData\Local\Temp\ccKOGgif.ltrans8.ltrans.o
 .text.pm_mutex_init
                0x00024b7a       0x28 C:\Users\Michael\AppData\Local\Temp\ccKOGgif.ltrans8.ltrans.o
                0x00024b7a                pm_mutex_init
 .text.pm_mutex_lock
                0x00024ba2       0x40 C:\Users\Michael\AppData\Local\Temp\ccKOGgif.ltrans8.ltrans.o
                0x00024ba2                pm_mutex_lock
 .text.pm_mutex_unlock
                0x00024be2       0x76 C:\Users\Michael\AppData\Local\Temp\ccKOGgif.ltrans8.ltrans.o
                0x00024be2                pm_mutex_unlock
 .text.pm_mutex_lock_first_available
                0x00024c58       0x5a C:\Users\Michael\AppData\Local\Temp\ccKOGgif.ltrans8.ltrans.o
                0x00024c58                pm_mutex_lock_first_available
 .text.pm_mutex_lock_status_get
                0x00024cb2       0x4a C:\Users\Michael\AppData\Local\Temp\ccKOGgif.ltrans8.ltrans.o
                0x00024cb2                pm_mutex_lock_status_get
 .text.sd_ble_gap_authenticate.lto_priv.532
                0x00024cfc        0x6 C:\Users\Michael\AppData\Local\Temp\ccKOGgif.ltrans8.ltrans.o
                0x00024cfc                sd_ble_gap_authenticate.lto_priv.532
 .text.sd_ble_gap_sec_params_reply.lto_priv.530
                0x00024d02        0x6 C:\Users\Michael\AppData\Local\Temp\ccKOGgif.ltrans8.ltrans.o
                0x00024d02                sd_ble_gap_sec_params_reply.lto_priv.530
 .text.sd_ble_gap_encrypt.lto_priv.528
                0x00024d08        0x6 C:\Users\Michael\AppData\Local\Temp\ccKOGgif.ltrans8.ltrans.o
                0x00024d08                sd_ble_gap_encrypt.lto_priv.528
 .text.sd_ble_gap_sec_info_reply.lto_priv.526
                0x00024d0e        0x6 C:\Users\Michael\AppData\Local\Temp\ccKOGgif.ltrans8.ltrans.o
                0x00024d0e                sd_ble_gap_sec_info_reply.lto_priv.526
 .text.evt_send.lto_priv.539
                0x00024d14       0x34 C:\Users\Michael\AppData\Local\Temp\ccKOGgif.ltrans8.ltrans.o
                0x00024d14                evt_send.lto_priv.539
 .text.sec_start_send.lto_priv.538
                0x00024d48       0x38 C:\Users\Michael\AppData\Local\Temp\ccKOGgif.ltrans8.ltrans.o
                0x00024d48                sec_start_send.lto_priv.538
 .text.pm_pdb_evt_handler
                0x00024d80      0x2a8 C:\Users\Michael\AppData\Local\Temp\ccKOGgif.ltrans9.ltrans.o
                0x00024d80                pm_pdb_evt_handler
 .text.pm_sm_evt_handler
                0x00025028      0x23c C:\Users\Michael\AppData\Local\Temp\ccKOGgif.ltrans9.ltrans.o
                0x00025028                pm_sm_evt_handler
 .text.pm_gcm_evt_handler
                0x00025264       0xdc C:\Users\Michael\AppData\Local\Temp\ccKOGgif.ltrans9.ltrans.o
                0x00025264                pm_gcm_evt_handler
 .text.pm_im_evt_handler
                0x00025340       0x70 C:\Users\Michael\AppData\Local\Temp\ccKOGgif.ltrans9.ltrans.o
                0x00025340                pm_im_evt_handler
 .text.pm_on_ble_evt
                0x000253b0       0x34 C:\Users\Michael\AppData\Local\Temp\ccKOGgif.ltrans9.ltrans.o
                0x000253b0                pm_on_ble_evt
 .text.internal_state_reset
                0x000253e4       0x40 C:\Users\Michael\AppData\Local\Temp\ccKOGgif.ltrans9.ltrans.o
 .text.pm_init  0x00025424       0xe4 C:\Users\Michael\AppData\Local\Temp\ccKOGgif.ltrans9.ltrans.o
                0x00025424                pm_init
 .text.pm_register
                0x00025508       0x74 C:\Users\Michael\AppData\Local\Temp\ccKOGgif.ltrans9.ltrans.o
                0x00025508                pm_register
 .text.pm_sec_params_set
                0x0002557c       0x34 C:\Users\Michael\AppData\Local\Temp\ccKOGgif.ltrans9.ltrans.o
                0x0002557c                pm_sec_params_set
 .text.pm_conn_sec_config_reply
                0x000255b0       0x1c C:\Users\Michael\AppData\Local\Temp\ccKOGgif.ltrans9.ltrans.o
                0x000255b0                pm_conn_sec_config_reply
 .text.pm_local_database_has_changed
                0x000255cc       0x20 C:\Users\Michael\AppData\Local\Temp\ccKOGgif.ltrans9.ltrans.o
                0x000255cc                pm_local_database_has_changed
 .text.pm_whitelist_set
                0x000255ec       0x34 C:\Users\Michael\AppData\Local\Temp\ccKOGgif.ltrans9.ltrans.o
                0x000255ec                pm_whitelist_set
 .text.pm_whitelist_get
                0x00025620       0x64 C:\Users\Michael\AppData\Local\Temp\ccKOGgif.ltrans9.ltrans.o
                0x00025620                pm_whitelist_get
 .text.pm_device_identities_list_set
                0x00025684       0x34 C:\Users\Michael\AppData\Local\Temp\ccKOGgif.ltrans9.ltrans.o
                0x00025684                pm_device_identities_list_set
 .text.pm_next_peer_id_get
                0x000256b8       0x38 C:\Users\Michael\AppData\Local\Temp\ccKOGgif.ltrans9.ltrans.o
                0x000256b8                pm_next_peer_id_get
 .text.pm_peer_data_load
                0x000256f0       0xac C:\Users\Michael\AppData\Local\Temp\ccKOGgif.ltrans9.ltrans.o
 .text.pm_peer_data_bonding_load
                0x0002579c       0x28 C:\Users\Michael\AppData\Local\Temp\ccKOGgif.ltrans9.ltrans.o
                0x0002579c                pm_peer_data_bonding_load
 .text.pm_peer_delete
                0x000257c4       0x34 C:\Users\Michael\AppData\Local\Temp\ccKOGgif.ltrans9.ltrans.o
 .text.pm_peers_delete
                0x000257f8       0xa8 C:\Users\Michael\AppData\Local\Temp\ccKOGgif.ltrans9.ltrans.o
                0x000257f8                pm_peers_delete
 .text.pm_buffer_init
                0x000258a0       0x7c C:\Users\Michael\AppData\Local\Temp\ccKOGgif.ltrans9.ltrans.o
                0x000258a0                pm_buffer_init
 .text.pm_buffer_block_acquire
                0x0002591c       0xa4 C:\Users\Michael\AppData\Local\Temp\ccKOGgif.ltrans9.ltrans.o
                0x0002591c                pm_buffer_block_acquire
 .text.pm_buffer_ptr_get
                0x000259c0       0x5e C:\Users\Michael\AppData\Local\Temp\ccKOGgif.ltrans9.ltrans.o
                0x000259c0                pm_buffer_ptr_get
 .text.pm_buffer_release
                0x00025a1e       0x54 C:\Users\Michael\AppData\Local\Temp\ccKOGgif.ltrans9.ltrans.o
                0x00025a1e                pm_buffer_release
 .text.pdb_next_peer_id_get
                0x00025a72       0x1c C:\Users\Michael\AppData\Local\Temp\ccKOGgif.ltrans10.ltrans.o
                0x00025a72                pdb_next_peer_id_get
 .text.pdb_next_deleted_peer_id_get
                0x00025a8e       0x1c C:\Users\Michael\AppData\Local\Temp\ccKOGgif.ltrans10.ltrans.o
                0x00025a8e                pdb_next_deleted_peer_id_get
 .text.pdb_peer_data_load
                0x00025aaa       0x30 C:\Users\Michael\AppData\Local\Temp\ccKOGgif.ltrans10.ltrans.o
                0x00025aaa                pdb_peer_data_load
 .text.pdb_raw_store
                0x00025ada       0x24 C:\Users\Michael\AppData\Local\Temp\ccKOGgif.ltrans10.ltrans.o
                0x00025ada                pdb_raw_store
 .text.internal_state_reset
                0x00025afe       0x18 C:\Users\Michael\AppData\Local\Temp\ccKOGgif.ltrans10.ltrans.o
 *fill*         0x00025b16        0x2 
 .text.peer_id_init
                0x00025b18       0x3c C:\Users\Michael\AppData\Local\Temp\ccKOGgif.ltrans10.ltrans.o
                0x00025b18                peer_id_init
 .text.claim    0x00025b54       0x6c C:\Users\Michael\AppData\Local\Temp\ccKOGgif.ltrans10.ltrans.o
 .text.release  0x00025bc0       0x22 C:\Users\Michael\AppData\Local\Temp\ccKOGgif.ltrans10.ltrans.o
 *fill*         0x00025be2        0x2 
 .text.peer_id_allocate
                0x00025be4       0x28 C:\Users\Michael\AppData\Local\Temp\ccKOGgif.ltrans10.ltrans.o
                0x00025be4                peer_id_allocate
 .text.peer_id_delete
                0x00025c0c       0x48 C:\Users\Michael\AppData\Local\Temp\ccKOGgif.ltrans10.ltrans.o
                0x00025c0c                peer_id_delete
 .text.peer_id_free
                0x00025c54       0x38 C:\Users\Michael\AppData\Local\Temp\ccKOGgif.ltrans10.ltrans.o
                0x00025c54                peer_id_free
 .text.peer_id_is_allocated
                0x00025c8c       0x30 C:\Users\Michael\AppData\Local\Temp\ccKOGgif.ltrans10.ltrans.o
                0x00025c8c                peer_id_is_allocated
 .text.peer_id_is_deleted
                0x00025cbc       0x34 C:\Users\Michael\AppData\Local\Temp\ccKOGgif.ltrans10.ltrans.o
 .text.next_id_get
                0x00025cf0       0x50 C:\Users\Michael\AppData\Local\Temp\ccKOGgif.ltrans10.ltrans.o
 .text.peer_id_get_next_used
                0x00025d40       0x64 C:\Users\Michael\AppData\Local\Temp\ccKOGgif.ltrans10.ltrans.o
                0x00025d40                peer_id_get_next_used
 .text.peer_id_get_next_deleted
                0x00025da4       0x28 C:\Users\Michael\AppData\Local\Temp\ccKOGgif.ltrans10.ltrans.o
                0x00025da4                peer_id_get_next_deleted
 .text.evt_send.lto_priv.592
                0x00025dcc       0x40 C:\Users\Michael\AppData\Local\Temp\ccKOGgif.ltrans10.ltrans.o
                0x00025dcc                evt_send.lto_priv.592
 .text.pds_space_reserve
                0x00025e0c       0x56 C:\Users\Michael\AppData\Local\Temp\ccKOGgif.ltrans11.ltrans.o
 .text.pds_space_reserve_cancel
                0x00025e62       0x26 C:\Users\Michael\AppData\Local\Temp\ccKOGgif.ltrans11.ltrans.o
 .text.pds_peer_data_store
                0x00025e88      0x140 C:\Users\Michael\AppData\Local\Temp\ccKOGgif.ltrans11.ltrans.o
                0x00025e88                pds_peer_data_store
 .text.pds_peer_id_allocate
                0x00025fc8       0x12 C:\Users\Michael\AppData\Local\Temp\ccKOGgif.ltrans11.ltrans.o
 .text.pds_peer_id_free
                0x00025fda       0x2a C:\Users\Michael\AppData\Local\Temp\ccKOGgif.ltrans11.ltrans.o
 .text.pds_peer_id_is_allocated
                0x00026004       0x1c C:\Users\Michael\AppData\Local\Temp\ccKOGgif.ltrans11.ltrans.o
 .text.pds_next_peer_id_get
                0x00026020       0x1c C:\Users\Michael\AppData\Local\Temp\ccKOGgif.ltrans11.ltrans.o
                0x00026020                pds_next_peer_id_get
 .text.pds_next_deleted_peer_id_get
                0x0002603c       0x1c C:\Users\Michael\AppData\Local\Temp\ccKOGgif.ltrans11.ltrans.o
                0x0002603c                pds_next_deleted_peer_id_get
 .text.write_buffer_record_invalidate
                0x00026058       0x56 C:\Users\Michael\AppData\Local\Temp\ccKOGgif.ltrans11.ltrans.o
 *fill*         0x000260ae        0x2 
 .text.write_buffer_record_find_next
                0x000260b0       0x64 C:\Users\Michael\AppData\Local\Temp\ccKOGgif.ltrans11.ltrans.o
 .text.write_buffer_record_find
                0x00026114       0x56 C:\Users\Michael\AppData\Local\Temp\ccKOGgif.ltrans11.ltrans.o
 .text.write_buffer_record_find_unused
                0x0002616a       0x14 C:\Users\Michael\AppData\Local\Temp\ccKOGgif.ltrans11.ltrans.o
 *fill*         0x0002617e        0x2 
 .text.write_buffer_record_release
                0x00026180       0x48 C:\Users\Michael\AppData\Local\Temp\ccKOGgif.ltrans11.ltrans.o
 .text.write_buffer_record_get
                0x000261c8       0x3e C:\Users\Michael\AppData\Local\Temp\ccKOGgif.ltrans11.ltrans.o
 *fill*         0x00026206        0x2 
 .text.pdb_evt_send
                0x00026208       0x34 C:\Users\Michael\AppData\Local\Temp\ccKOGgif.ltrans11.ltrans.o
 .text.internal_state_reset
                0x0002623c       0x38 C:\Users\Michael\AppData\Local\Temp\ccKOGgif.ltrans11.ltrans.o
 .text.pdb_pds_evt_handler
                0x00026274      0x2a0 C:\Users\Michael\AppData\Local\Temp\ccKOGgif.ltrans11.ltrans.o
                0x00026274                pdb_pds_evt_handler
 .text.pdb_init
                0x00026514       0x58 C:\Users\Michael\AppData\Local\Temp\ccKOGgif.ltrans11.ltrans.o
                0x00026514                pdb_init
 .text.pdb_peer_allocate
                0x0002656c        0xe C:\Users\Michael\AppData\Local\Temp\ccKOGgif.ltrans11.ltrans.o
                0x0002656c                pdb_peer_allocate
 .text.pdb_peer_free
                0x0002657a       0x94 C:\Users\Michael\AppData\Local\Temp\ccKOGgif.ltrans11.ltrans.o
                0x0002657a                pdb_peer_free
 .text.pdb_peer_data_ptr_get
                0x0002660e       0x26 C:\Users\Michael\AppData\Local\Temp\ccKOGgif.ltrans11.ltrans.o
                0x0002660e                pdb_peer_data_ptr_get
 .text.peer_data_point_to_buffer
                0x00026634       0x42 C:\Users\Michael\AppData\Local\Temp\ccKOGgif.ltrans11.ltrans.o
 .text.peer_data_const_point_to_buffer
                0x00026676       0x24 C:\Users\Michael\AppData\Local\Temp\ccKOGgif.ltrans11.ltrans.o
 *fill*         0x0002669a        0x2 
 .text.write_buf_length_words_set
                0x0002669c       0x70 C:\Users\Michael\AppData\Local\Temp\ccKOGgif.ltrans11.ltrans.o
 .text.pdb_write_buf_get
                0x0002670c      0x1a4 C:\Users\Michael\AppData\Local\Temp\ccKOGgif.ltrans11.ltrans.o
                0x0002670c                pdb_write_buf_get
 .text.pdb_write_buf_release
                0x000268b0       0x5a C:\Users\Michael\AppData\Local\Temp\ccKOGgif.ltrans11.ltrans.o
                0x000268b0                pdb_write_buf_release
 *fill*         0x0002690a        0x2 
 .text.pdb_write_buf_store_prepare
                0x0002690c       0xb4 C:\Users\Michael\AppData\Local\Temp\ccKOGgif.ltrans11.ltrans.o
                0x0002690c                pdb_write_buf_store_prepare
 .text.pdb_write_buf_store
                0x000269c0      0x180 C:\Users\Michael\AppData\Local\Temp\ccKOGgif.ltrans11.ltrans.o
                0x000269c0                pdb_write_buf_store
 .text.im_conn_handle_get
                0x00026b40       0x68 C:\Users\Michael\AppData\Local\Temp\ccKOGgif.ltrans12.ltrans.o
                0x00026b40                im_conn_handle_get
 .text.im_master_id_is_valid
                0x00026ba8       0x46 C:\Users\Michael\AppData\Local\Temp\ccKOGgif.ltrans12.ltrans.o
                0x00026ba8                im_master_id_is_valid
 *fill*         0x00026bee        0x2 
 .text.peer_id_set
                0x00026bf0       0x44 C:\Users\Michael\AppData\Local\Temp\ccKOGgif.ltrans12.ltrans.o
 .text.im_new_peer_id
                0x00026c34       0x22 C:\Users\Michael\AppData\Local\Temp\ccKOGgif.ltrans12.ltrans.o
                0x00026c34                im_new_peer_id
 .text.im_peer_free
                0x00026c56       0x46 C:\Users\Michael\AppData\Local\Temp\ccKOGgif.ltrans12.ltrans.o
                0x00026c56                im_peer_free
 .text.peers_id_keys_get
                0x00026c9c      0x148 C:\Users\Michael\AppData\Local\Temp\ccKOGgif.ltrans12.ltrans.o
 .text.im_device_identities_list_set
                0x00026de4      0x148 C:\Users\Michael\AppData\Local\Temp\ccKOGgif.ltrans12.ltrans.o
                0x00026de4                im_device_identities_list_set
 .text.im_whitelist_get
                0x00026f2c       0x88 C:\Users\Michael\AppData\Local\Temp\ccKOGgif.ltrans12.ltrans.o
                0x00026f2c                im_whitelist_get
 .text.im_whitelist_set
                0x00026fb4       0xe4 C:\Users\Michael\AppData\Local\Temp\ccKOGgif.ltrans12.ltrans.o
                0x00026fb4                im_whitelist_set
 .text.ah       0x00027098       0xaa C:\Users\Michael\AppData\Local\Temp\ccKOGgif.ltrans12.ltrans.o
 .text.im_address_resolve
                0x00027142       0x70 C:\Users\Michael\AppData\Local\Temp\ccKOGgif.ltrans12.ltrans.o
                0x00027142                im_address_resolve
 *fill*         0x000271b2        0x2 
 .text.pds_evt_send
                0x000271b4       0x2c C:\Users\Michael\AppData\Local\Temp\ccKOGgif.ltrans12.ltrans.o
 .text.peer_id_to_file_id.lto_priv.829
                0x000271e0       0x1e C:\Users\Michael\AppData\Local\Temp\ccKOGgif.ltrans12.ltrans.o
                0x000271e0                peer_id_to_file_id.lto_priv.829
 .text.file_id_to_peer_id
                0x000271fe       0x1e C:\Users\Michael\AppData\Local\Temp\ccKOGgif.ltrans12.ltrans.o
 .text.peer_data_id_to_record_key.lto_priv.828
                0x0002721c       0x20 C:\Users\Michael\AppData\Local\Temp\ccKOGgif.ltrans12.ltrans.o
                0x0002721c                peer_data_id_to_record_key.lto_priv.828
 .text.record_key_to_peer_data_id
                0x0002723c       0x1a C:\Users\Michael\AppData\Local\Temp\ccKOGgif.ltrans12.ltrans.o
 .text.file_id_within_pm_range
                0x00027256       0x34 C:\Users\Michael\AppData\Local\Temp\ccKOGgif.ltrans12.ltrans.o
 .text.record_key_within_pm_range
                0x0002728a       0x34 C:\Users\Michael\AppData\Local\Temp\ccKOGgif.ltrans12.ltrans.o
 .text.peer_data_id_is_valid.lto_priv.827
                0x000272be       0x46 C:\Users\Michael\AppData\Local\Temp\ccKOGgif.ltrans12.ltrans.o
                0x000272be                peer_data_id_is_valid.lto_priv.827
 .text.peer_data_delete.lto_priv.825
                0x00027304       0xe8 C:\Users\Michael\AppData\Local\Temp\ccKOGgif.ltrans12.ltrans.o
                0x00027304                peer_data_delete.lto_priv.825
 .text.peer_data_find.lto_priv.826
                0x000273ec       0x62 C:\Users\Michael\AppData\Local\Temp\ccKOGgif.ltrans12.ltrans.o
                0x000273ec                peer_data_find.lto_priv.826
 .text.peer_ids_load
                0x0002744e       0x68 C:\Users\Michael\AppData\Local\Temp\ccKOGgif.ltrans12.ltrans.o
 *fill*         0x000274b6        0x2 
 .text.fds_evt_handler
                0x000274b8      0x1dc C:\Users\Michael\AppData\Local\Temp\ccKOGgif.ltrans12.ltrans.o
 .text.pds_init
                0x00027694       0x50 C:\Users\Michael\AppData\Local\Temp\ccKOGgif.ltrans12.ltrans.o
                0x00027694                pds_init
 .text.pds_peer_data_read
                0x000276e4       0xbe C:\Users\Michael\AppData\Local\Temp\ccKOGgif.ltrans12.ltrans.o
                0x000276e4                pds_peer_data_read
 *fill*         0x000277a2        0x2 
 .text.pds_peer_data_iterate_prepare
                0x000277a4       0x18 C:\Users\Michael\AppData\Local\Temp\ccKOGgif.ltrans12.ltrans.o
                0x000277a4                pds_peer_data_iterate_prepare
 .text.pds_peer_data_iterate
                0x000277bc       0x90 C:\Users\Michael\AppData\Local\Temp\ccKOGgif.ltrans12.ltrans.o
                0x000277bc                pds_peer_data_iterate
 .text.service_changed_pending_set
                0x0002784c       0x84 C:\Users\Michael\AppData\Local\Temp\ccKOGgif.ltrans13.ltrans.o
 .text.gscm_pdb_evt_handler
                0x000278d0       0x64 C:\Users\Michael\AppData\Local\Temp\ccKOGgif.ltrans13.ltrans.o
                0x000278d0                gscm_pdb_evt_handler
 .text.gscm_init
                0x00027934       0x1c C:\Users\Michael\AppData\Local\Temp\ccKOGgif.ltrans13.ltrans.o
                0x00027934                gscm_init
 .text.gscm_local_db_cache_update
                0x00027950       0xd4 C:\Users\Michael\AppData\Local\Temp\ccKOGgif.ltrans13.ltrans.o
                0x00027950                gscm_local_db_cache_update
 .text.gscm_local_db_cache_apply
                0x00027a24       0xda C:\Users\Michael\AppData\Local\Temp\ccKOGgif.ltrans13.ltrans.o
                0x00027a24                gscm_local_db_cache_apply
 *fill*         0x00027afe        0x2 
 .text.gscm_local_database_has_changed
                0x00027b00       0x20 C:\Users\Michael\AppData\Local\Temp\ccKOGgif.ltrans13.ltrans.o
                0x00027b00                gscm_local_database_has_changed
 .text.gscm_service_changed_ind_needed
                0x00027b20       0x3c C:\Users\Michael\AppData\Local\Temp\ccKOGgif.ltrans13.ltrans.o
                0x00027b20                gscm_service_changed_ind_needed
 .text.gscm_service_changed_ind_send
                0x00027b5c       0x5c C:\Users\Michael\AppData\Local\Temp\ccKOGgif.ltrans13.ltrans.o
                0x00027b5c                gscm_service_changed_ind_send
 .text.gscm_db_change_notification_done
                0x00027bb8       0x34 C:\Users\Michael\AppData\Local\Temp\ccKOGgif.ltrans13.ltrans.o
                0x00027bb8                gscm_db_change_notification_done
 .text.sd_ble_gap_whitelist_set.lto_priv.841
                0x00027bec        0x6 C:\Users\Michael\AppData\Local\Temp\ccKOGgif.ltrans13.ltrans.o
                0x00027bec                sd_ble_gap_whitelist_set.lto_priv.841
 .text.sd_ble_gap_device_identities_set.lto_priv.839
                0x00027bf2        0x6 C:\Users\Michael\AppData\Local\Temp\ccKOGgif.ltrans13.ltrans.o
                0x00027bf2                sd_ble_gap_device_identities_set.lto_priv.839
 .text.sd_ecb_block_encrypt.lto_priv.833
                0x00027bf8        0x6 C:\Users\Michael\AppData\Local\Temp\ccKOGgif.ltrans13.ltrans.o
                0x00027bf8                sd_ecb_block_encrypt.lto_priv.833
 *fill*         0x00027bfe        0x2 
 .text.internal_state_reset.lto_priv.854
                0x00027c00       0x4c C:\Users\Michael\AppData\Local\Temp\ccKOGgif.ltrans13.ltrans.o
 .text.evt_send.lto_priv.852
                0x00027c4c       0x34 C:\Users\Michael\AppData\Local\Temp\ccKOGgif.ltrans13.ltrans.o
 .text.get_free_connection
                0x00027c80       0x60 C:\Users\Michael\AppData\Local\Temp\ccKOGgif.ltrans13.ltrans.o
 .text.get_connection_by_conn_handle
                0x00027ce0       0x68 C:\Users\Michael\AppData\Local\Temp\ccKOGgif.ltrans13.ltrans.o
                0x00027ce0                get_connection_by_conn_handle
 .text.new_connection
                0x00027d48       0xbc C:\Users\Michael\AppData\Local\Temp\ccKOGgif.ltrans13.ltrans.o
 .text.is_valid_irk
                0x00027e04       0x38 C:\Users\Michael\AppData\Local\Temp\ccKOGgif.ltrans13.ltrans.o
 .text.addr_compare
                0x00027e3c       0x5a C:\Users\Michael\AppData\Local\Temp\ccKOGgif.ltrans13.ltrans.o
 .text.im_ble_evt_handler
                0x00027e96      0x116 C:\Users\Michael\AppData\Local\Temp\ccKOGgif.ltrans13.ltrans.o
                0x00027e96                im_ble_evt_handler
 .text.im_is_duplicate_bonding_data
                0x00027fac       0x76 C:\Users\Michael\AppData\Local\Temp\ccKOGgif.ltrans13.ltrans.o
                0x00027fac                im_is_duplicate_bonding_data
 .text.im_pdb_evt_handler
                0x00028022       0x98 C:\Users\Michael\AppData\Local\Temp\ccKOGgif.ltrans13.ltrans.o
                0x00028022                im_pdb_evt_handler
 *fill*         0x000280ba        0x2 
 .text.im_init  0x000280bc       0x40 C:\Users\Michael\AppData\Local\Temp\ccKOGgif.ltrans13.ltrans.o
                0x000280bc                im_init
 .text.im_peer_id_get_by_conn_handle
                0x000280fc       0x44 C:\Users\Michael\AppData\Local\Temp\ccKOGgif.ltrans13.ltrans.o
                0x000280fc                im_peer_id_get_by_conn_handle
 .text.im_ble_addr_get
                0x00028140       0x54 C:\Users\Michael\AppData\Local\Temp\ccKOGgif.ltrans13.ltrans.o
                0x00028140                im_ble_addr_get
 .text.im_master_ids_compare
                0x00028194       0x54 C:\Users\Michael\AppData\Local\Temp\ccKOGgif.ltrans13.ltrans.o
                0x00028194                im_master_ids_compare
 .text.im_peer_id_get_by_master_id
                0x000281e8       0x58 C:\Users\Michael\AppData\Local\Temp\ccKOGgif.ltrans13.ltrans.o
                0x000281e8                im_peer_id_get_by_master_id
 .text.local_db_apply_in_evt
                0x00028240       0xc8 C:\Users\Michael\AppData\Local\Temp\ccKOGgif.ltrans14.ltrans.o
 .text.local_db_update_in_evt
                0x00028308       0xdc C:\Users\Michael\AppData\Local\Temp\ccKOGgif.ltrans14.ltrans.o
 .text.service_changed_send_in_evt
                0x000283e4       0xdc C:\Users\Michael\AppData\Local\Temp\ccKOGgif.ltrans14.ltrans.o
 .text.gcm_gscm_evt_handler
                0x000284c0       0x94 C:\Users\Michael\AppData\Local\Temp\ccKOGgif.ltrans14.ltrans.o
                0x000284c0                gcm_gscm_evt_handler
 .text.gcm_im_evt_handler
                0x00028554       0x4c C:\Users\Michael\AppData\Local\Temp\ccKOGgif.ltrans14.ltrans.o
                0x00028554                gcm_im_evt_handler
 .text.gcm_smd_evt_handler
                0x000285a0       0x20 C:\Users\Michael\AppData\Local\Temp\ccKOGgif.ltrans14.ltrans.o
                0x000285a0                gcm_smd_evt_handler
 .text.gcm_init
                0x000285c0       0xa0 C:\Users\Michael\AppData\Local\Temp\ccKOGgif.ltrans14.ltrans.o
                0x000285c0                gcm_init
 .text.apply_pending_flags_check
                0x00028660       0xa0 C:\Users\Michael\AppData\Local\Temp\ccKOGgif.ltrans14.ltrans.o
 .text.update_pending_flags_check
                0x00028700       0xa0 C:\Users\Michael\AppData\Local\Temp\ccKOGgif.ltrans14.ltrans.o
 .text.service_changed_pending_flags_check
                0x000287a0       0xcc C:\Users\Michael\AppData\Local\Temp\ccKOGgif.ltrans14.ltrans.o
 .text.gcm_ble_evt_handler
                0x0002886c       0x94 C:\Users\Michael\AppData\Local\Temp\ccKOGgif.ltrans14.ltrans.o
                0x0002886c                gcm_ble_evt_handler
 .text.gcm_local_database_has_changed
                0x00028900       0x7c C:\Users\Michael\AppData\Local\Temp\ccKOGgif.ltrans14.ltrans.o
                0x00028900                gcm_local_database_has_changed
 .text.sd_ble_gatts_service_changed.lto_priv.859
                0x0002897c        0x6 C:\Users\Michael\AppData\Local\Temp\ccKOGgif.ltrans14.ltrans.o
                0x0002897c                sd_ble_gatts_service_changed.lto_priv.859
 .text.sd_ble_gatts_sys_attr_set.lto_priv.857
                0x00028982        0x6 C:\Users\Michael\AppData\Local\Temp\ccKOGgif.ltrans14.ltrans.o
                0x00028982                sd_ble_gatts_sys_attr_set.lto_priv.857
 .text.sd_ble_gatts_sys_attr_get.lto_priv.855
                0x00028988        0x6 C:\Users\Michael\AppData\Local\Temp\ccKOGgif.ltrans14.ltrans.o
                0x00028988                sd_ble_gatts_sys_attr_get.lto_priv.855
 *fill*         0x0002898e        0x2 
 .text.internal_state_reset.lto_priv.853
                0x00028990       0x28 C:\Users\Michael\AppData\Local\Temp\ccKOGgif.ltrans14.ltrans.o
                0x00028990                internal_state_reset.lto_priv.853
 .text.evt_send.lto_priv.851
                0x000289b8       0x34 C:\Users\Michael\AppData\Local\Temp\ccKOGgif.ltrans14.ltrans.o
                0x000289b8                evt_send.lto_priv.851
 .text.nrf_drv_clock_init
                0x000289ec       0x88 C:\Users\Michael\AppData\Local\Temp\ccKOGgif.ltrans15.ltrans.o
 .text.item_dequeue
                0x00028a74       0x2a C:\Users\Michael\AppData\Local\Temp\ccKOGgif.ltrans15.ltrans.o
 *fill*         0x00028a9e        0x2 
 .text.clock_clk_started_notify
                0x00028aa0       0x4c C:\Users\Michael\AppData\Local\Temp\ccKOGgif.ltrans15.ltrans.o
 .text.POWER_CLOCK_IRQHandler
                0x00028aec       0x64 C:\Users\Michael\AppData\Local\Temp\ccKOGgif.ltrans15.ltrans.o
                0x00028aec                POWER_CLOCK_IRQHandler
 .text.nrf_drv_clock_on_soc_event
                0x00028b50       0x1a C:\Users\Michael\AppData\Local\Temp\ccKOGgif.ltrans15.ltrans.o
                0x00028b50                nrf_drv_clock_on_soc_event
 *fill*         0x00028b6a        0x2 
 .text.nrf_drv_clock_on_sd_enable
                0x00028b6c       0x5c C:\Users\Michael\AppData\Local\Temp\ccKOGgif.ltrans15.ltrans.o
                0x00028b6c                nrf_drv_clock_on_sd_enable
 .text.nrf_gpio_pin_port_decode
                0x00028bc8       0x18 C:\Users\Michael\AppData\Local\Temp\ccKOGgif.ltrans15.ltrans.o
 .text.nrf_gpio_cfg
                0x00028be0       0x50 C:\Users\Michael\AppData\Local\Temp\ccKOGgif.ltrans15.ltrans.o
 .text.nrf_gpio_cfg_output
                0x00028c30       0x22 C:\Users\Michael\AppData\Local\Temp\ccKOGgif.ltrans15.ltrans.o
 .text.nrf_gpio_pin_set
                0x00028c52       0x28 C:\Users\Michael\AppData\Local\Temp\ccKOGgif.ltrans15.ltrans.o
 .text.nrf_gpio_pin_clear
                0x00028c7a       0x28 C:\Users\Michael\AppData\Local\Temp\ccKOGgif.ltrans15.ltrans.o
 .text.nrf_gpio_pin_toggle
                0x00028ca2       0x44 C:\Users\Michael\AppData\Local\Temp\ccKOGgif.ltrans15.ltrans.o
 .text.nrf_gpio_pin_write
                0x00028ce6       0x24 C:\Users\Michael\AppData\Local\Temp\ccKOGgif.ltrans15.ltrans.o
 .text.nrf_gpio_pin_read
                0x00028d0a       0x2c C:\Users\Michael\AppData\Local\Temp\ccKOGgif.ltrans15.ltrans.o
 .text.nrf_gpio_pin_out_read
                0x00028d36       0x2c C:\Users\Michael\AppData\Local\Temp\ccKOGgif.ltrans15.ltrans.o
 .text.nrf_gpio_port_in_read
                0x00028d62       0x1a C:\Users\Michael\AppData\Local\Temp\ccKOGgif.ltrans15.ltrans.o
 .text.nrf_gpio_port_out_read
                0x00028d7c       0x1a C:\Users\Michael\AppData\Local\Temp\ccKOGgif.ltrans15.ltrans.o
 .text.nrf_gpio_port_out_set
                0x00028d96       0x1c C:\Users\Michael\AppData\Local\Temp\ccKOGgif.ltrans15.ltrans.o
 .text.nrf_gpio_port_out_clear
                0x00028db2       0x1c C:\Users\Michael\AppData\Local\Temp\ccKOGgif.ltrans15.ltrans.o
 *fill*         0x00028dce        0x2 
 .text.bsp_board_led_state_get
                0x00028dd0       0x4c C:\Users\Michael\AppData\Local\Temp\ccKOGgif.ltrans15.ltrans.o
                0x00028dd0                bsp_board_led_state_get
 .text.bsp_board_led_on
                0x00028e1c       0x28 C:\Users\Michael\AppData\Local\Temp\ccKOGgif.ltrans15.ltrans.o
                0x00028e1c                bsp_board_led_on
 .text.bsp_board_led_off
                0x00028e44       0x28 C:\Users\Michael\AppData\Local\Temp\ccKOGgif.ltrans15.ltrans.o
                0x00028e44                bsp_board_led_off
 .text.bsp_board_leds_off
                0x00028e6c       0x24 C:\Users\Michael\AppData\Local\Temp\ccKOGgif.ltrans15.ltrans.o
                0x00028e6c                bsp_board_leds_off
 .text.bsp_board_leds_on
                0x00028e90       0x24 C:\Users\Michael\AppData\Local\Temp\ccKOGgif.ltrans15.ltrans.o
                0x00028e90                bsp_board_leds_on
 .text.bsp_board_led_invert
                0x00028eb4       0x24 C:\Users\Michael\AppData\Local\Temp\ccKOGgif.ltrans15.ltrans.o
                0x00028eb4                bsp_board_led_invert
 .text.bsp_board_leds_init
                0x00028ed8       0x38 C:\Users\Michael\AppData\Local\Temp\ccKOGgif.ltrans15.ltrans.o
                0x00028ed8                bsp_board_leds_init
 .text.bsp_board_button_state_get
                0x00028f10       0x4c C:\Users\Michael\AppData\Local\Temp\ccKOGgif.ltrans15.ltrans.o
                0x00028f10                bsp_board_button_state_get
 .text.bsp_board_button_idx_to_pin
                0x00028f5c       0x24 C:\Users\Michael\AppData\Local\Temp\ccKOGgif.ltrans15.ltrans.o
                0x00028f5c                bsp_board_button_idx_to_pin
 .text.sdk_mapped_flags_any_set.lto_priv.871
                0x00028f80       0x20 C:\Users\Michael\AppData\Local\Temp\ccKOGgif.ltrans15.ltrans.o
                0x00028f80                sdk_mapped_flags_any_set.lto_priv.871
 .text.internal_state_reset.lto_priv.872
                0x00028fa0       0x18 C:\Users\Michael\AppData\Local\Temp\ccKOGgif.ltrans15.ltrans.o
                0x00028fa0                internal_state_reset.lto_priv.872
 .text.evt_send.lto_priv.870
                0x00028fb8       0x34 C:\Users\Michael\AppData\Local\Temp\ccKOGgif.ltrans15.ltrans.o
                0x00028fb8                evt_send.lto_priv.870
 .text.cccd_written.lto_priv.869
                0x00028fec       0x3c C:\Users\Michael\AppData\Local\Temp\ccKOGgif.ltrans15.ltrans.o
                0x00028fec                cccd_written.lto_priv.869
 .text.nrf_drv_gpiote_in_init
                0x00029028       0xb8 C:\Users\Michael\AppData\Local\Temp\ccKOGgif.ltrans16.ltrans.o
                0x00029028                nrf_drv_gpiote_in_init
 .text.nrf_drv_gpiote_in_event_enable
                0x000290e0       0xd0 C:\Users\Michael\AppData\Local\Temp\ccKOGgif.ltrans16.ltrans.o
                0x000290e0                nrf_drv_gpiote_in_event_enable
 .text.nrf_drv_gpiote_in_is_set
                0x000291b0       0x22 C:\Users\Michael\AppData\Local\Temp\ccKOGgif.ltrans16.ltrans.o
                0x000291b0                nrf_drv_gpiote_in_is_set
 *fill*         0x000291d2        0x2 
 .text.GPIOTE_IRQHandler
                0x000291d4      0x2f4 C:\Users\Michael\AppData\Local\Temp\ccKOGgif.ltrans16.ltrans.o
                0x000291d4                GPIOTE_IRQHandler
 .text.NVIC_EnableIRQ
                0x000294c8       0x30 C:\Users\Michael\AppData\Local\Temp\ccKOGgif.ltrans16.ltrans.o
 .text.NVIC_ClearPendingIRQ
                0x000294f8       0x34 C:\Users\Michael\AppData\Local\Temp\ccKOGgif.ltrans16.ltrans.o
 .text.NVIC_SetPriority
                0x0002952c       0x54 C:\Users\Michael\AppData\Local\Temp\ccKOGgif.ltrans16.ltrans.o
 .text.nrf_drv_common_irq_enable
                0x00029580       0x38 C:\Users\Michael\AppData\Local\Temp\ccKOGgif.ltrans16.ltrans.o
                0x00029580                nrf_drv_common_irq_enable
 .text.nrf_clock_int_disable.lto_priv.882
                0x000295b8       0x1c C:\Users\Michael\AppData\Local\Temp\ccKOGgif.ltrans16.ltrans.o
                0x000295b8                nrf_clock_int_disable.lto_priv.882
 .text.nrf_clock_event_clear.lto_priv.883
                0x000295d4       0x2a C:\Users\Michael\AppData\Local\Temp\ccKOGgif.ltrans16.ltrans.o
                0x000295d4                nrf_clock_event_clear.lto_priv.883
 .text.nrf_clock_event_check.lto_priv.884
                0x000295fe       0x28 C:\Users\Michael\AppData\Local\Temp\ccKOGgif.ltrans16.ltrans.o
                0x000295fe                nrf_clock_event_check.lto_priv.884
 .text.nrf_clock_lf_src_set.lto_priv.887
                0x00029626       0x22 C:\Users\Michael\AppData\Local\Temp\ccKOGgif.ltrans16.ltrans.o
                0x00029626                nrf_clock_lf_src_set.lto_priv.887
 .text.nrf_drv_common_irq_enable_check
                0x00029648       0x40 C:\Users\Michael\AppData\Local\Temp\ccKOGgif.ltrans16.ltrans.o
 .text.nrf_drv_common_power_clock_irq_init.lto_priv.888
                0x00029688       0x20 C:\Users\Michael\AppData\Local\Temp\ccKOGgif.ltrans16.ltrans.o
                0x00029688                nrf_drv_common_power_clock_irq_init.lto_priv.888
 .text.nrf_drv_uart_rx
                0x000296a8      0x160 C:\Users\Michael\AppData\Local\Temp\ccKOGgif.ltrans17.ltrans.o
                0x000296a8                nrf_drv_uart_rx
 .text.nrf_drv_uart_rx_enable
                0x00029808       0x60 C:\Users\Michael\AppData\Local\Temp\ccKOGgif.ltrans17.ltrans.o
                0x00029808                nrf_drv_uart_rx_enable
 .text.rx_done_event
                0x00029868       0x30 C:\Users\Michael\AppData\Local\Temp\ccKOGgif.ltrans17.ltrans.o
 .text.tx_done_event
                0x00029898       0x36 C:\Users\Michael\AppData\Local\Temp\ccKOGgif.ltrans17.ltrans.o
 .text.uart_irq_handler
                0x000298ce      0x1ce C:\Users\Michael\AppData\Local\Temp\ccKOGgif.ltrans17.ltrans.o
 .text.uarte_irq_handler
                0x00029a9c      0x156 C:\Users\Michael\AppData\Local\Temp\ccKOGgif.ltrans17.ltrans.o
 *fill*         0x00029bf2        0x2 
 .text.UARTE0_UART0_IRQHandler
                0x00029bf4       0x3c C:\Users\Michael\AppData\Local\Temp\ccKOGgif.ltrans17.ltrans.o
                0x00029bf4                UARTE0_UART0_IRQHandler
 .text.nrf_gpiote_event_is_set.lto_priv.979
                0x00029c30       0x28 C:\Users\Michael\AppData\Local\Temp\ccKOGgif.ltrans17.ltrans.o
                0x00029c30                nrf_gpiote_event_is_set.lto_priv.979
 .text.nrf_gpiote_event_clear.lto_priv.978
                0x00029c58       0x30 C:\Users\Michael\AppData\Local\Temp\ccKOGgif.ltrans17.ltrans.o
                0x00029c58                nrf_gpiote_event_clear.lto_priv.978
 .text.nrf_gpiote_event_addr_get.lto_priv.981
                0x00029c88       0x20 C:\Users\Michael\AppData\Local\Temp\ccKOGgif.ltrans17.ltrans.o
                0x00029c88                nrf_gpiote_event_addr_get.lto_priv.981
 .text.nrf_gpiote_int_enable.lto_priv.991
                0x00029ca8       0x20 C:\Users\Michael\AppData\Local\Temp\ccKOGgif.ltrans17.ltrans.o
                0x00029ca8                nrf_gpiote_int_enable.lto_priv.991
 .text.nrf_gpiote_int_is_enabled.lto_priv.980
                0x00029cc8       0x24 C:\Users\Michael\AppData\Local\Temp\ccKOGgif.ltrans17.ltrans.o
                0x00029cc8                nrf_gpiote_int_is_enabled.lto_priv.980
 .text.nrf_gpiote_event_enable.lto_priv.992
                0x00029cec       0x34 C:\Users\Michael\AppData\Local\Temp\ccKOGgif.ltrans17.ltrans.o
                0x00029cec                nrf_gpiote_event_enable.lto_priv.992
 .text.nrf_gpiote_event_configure.lto_priv.993
                0x00029d20       0x68 C:\Users\Michael\AppData\Local\Temp\ccKOGgif.ltrans17.ltrans.o
                0x00029d20                nrf_gpiote_event_configure.lto_priv.993
 .text.nrf_gpiote_event_pin_get.lto_priv.977
                0x00029d88       0x2c C:\Users\Michael\AppData\Local\Temp\ccKOGgif.ltrans17.ltrans.o
                0x00029d88                nrf_gpiote_event_pin_get.lto_priv.977
 .text.nrf_gpiote_event_polarity_get.lto_priv.976
                0x00029db4       0x2c C:\Users\Michael\AppData\Local\Temp\ccKOGgif.ltrans17.ltrans.o
                0x00029db4                nrf_gpiote_event_polarity_get.lto_priv.976
 .text.nrf_gpio_pin_port_decode
                0x00029de0       0x18 C:\Users\Michael\AppData\Local\Temp\ccKOGgif.ltrans17.ltrans.o
 .text.nrf_gpio_cfg
                0x00029df8       0x50 C:\Users\Michael\AppData\Local\Temp\ccKOGgif.ltrans17.ltrans.o
 .text.nrf_gpio_cfg_input.lto_priv.994
                0x00029e48       0x28 C:\Users\Michael\AppData\Local\Temp\ccKOGgif.ltrans17.ltrans.o
                0x00029e48                nrf_gpio_cfg_input.lto_priv.994
 .text.nrf_gpio_cfg_watcher.lto_priv.995
                0x00029e70       0x38 C:\Users\Michael\AppData\Local\Temp\ccKOGgif.ltrans17.ltrans.o
                0x00029e70                nrf_gpio_cfg_watcher.lto_priv.995
 .text.nrf_gpio_cfg_sense_set.lto_priv.970
                0x00029ea8       0x56 C:\Users\Michael\AppData\Local\Temp\ccKOGgif.ltrans17.ltrans.o
                0x00029ea8                nrf_gpio_cfg_sense_set.lto_priv.970
 .text.nrf_gpio_pin_read.lto_priv.983
                0x00029efe       0x2c C:\Users\Michael\AppData\Local\Temp\ccKOGgif.ltrans17.ltrans.o
                0x00029efe                nrf_gpio_pin_read.lto_priv.983
 .text.nrf_gpio_pin_sense_get.lto_priv.972
                0x00029f2a       0x2e C:\Users\Michael\AppData\Local\Temp\ccKOGgif.ltrans17.ltrans.o
                0x00029f2a                nrf_gpio_pin_sense_get.lto_priv.972
 .text.nrf_gpio_port_in_read
                0x00029f58       0x1a C:\Users\Michael\AppData\Local\Temp\ccKOGgif.ltrans17.ltrans.o
 .text.nrf_gpio_ports_read.lto_priv.969
                0x00029f72       0x50 C:\Users\Michael\AppData\Local\Temp\ccKOGgif.ltrans17.ltrans.o
                0x00029f72                nrf_gpio_ports_read.lto_priv.969
 .text.nrf_bitmask_bit_is_set.lto_priv.971
                0x00029fc2       0x3a C:\Users\Michael\AppData\Local\Temp\ccKOGgif.ltrans17.ltrans.o
                0x00029fc2                nrf_bitmask_bit_is_set.lto_priv.971
 .text.nrf_bitmask_bit_set.lto_priv.973
                0x00029ffc       0x48 C:\Users\Michael\AppData\Local\Temp\ccKOGgif.ltrans17.ltrans.o
                0x00029ffc                nrf_bitmask_bit_set.lto_priv.973
 .text.pin_in_use_by_te.lto_priv.982
                0x0002a044       0x50 C:\Users\Michael\AppData\Local\Temp\ccKOGgif.ltrans17.ltrans.o
                0x0002a044                pin_in_use_by_te.lto_priv.982
 .text.pin_in_use_by_port.lto_priv.990
                0x0002a094       0x34 C:\Users\Michael\AppData\Local\Temp\ccKOGgif.ltrans17.ltrans.o
                0x0002a094                pin_in_use_by_port.lto_priv.990
 .text.pin_in_use_by_gpiote.lto_priv.997
                0x0002a0c8       0x30 C:\Users\Michael\AppData\Local\Temp\ccKOGgif.ltrans17.ltrans.o
                0x0002a0c8                pin_in_use_by_gpiote.lto_priv.997
 .text.pin_in_use_by_te_set
                0x0002a0f8       0x64 C:\Users\Michael\AppData\Local\Temp\ccKOGgif.ltrans17.ltrans.o
 .text.pin_in_use_clear.lto_priv.984
                0x0002a15c       0x28 C:\Users\Michael\AppData\Local\Temp\ccKOGgif.ltrans17.ltrans.o
                0x0002a15c                pin_in_use_clear.lto_priv.984
 .text.channel_port_get.lto_priv.975
                0x0002a184       0x28 C:\Users\Michael\AppData\Local\Temp\ccKOGgif.ltrans17.ltrans.o
                0x0002a184                channel_port_get.lto_priv.975
 .text.channel_handler_get.lto_priv.974
                0x0002a1ac       0x24 C:\Users\Michael\AppData\Local\Temp\ccKOGgif.ltrans17.ltrans.o
                0x0002a1ac                channel_handler_get.lto_priv.974
 .text.channel_port_alloc.lto_priv.996
                0x0002a1d0       0x78 C:\Users\Michael\AppData\Local\Temp\ccKOGgif.ltrans17.ltrans.o
                0x0002a1d0                channel_port_alloc.lto_priv.996
 .text.channel_free.lto_priv.985
                0x0002a248       0x44 C:\Users\Michael\AppData\Local\Temp\ccKOGgif.ltrans17.ltrans.o
                0x0002a248                channel_free.lto_priv.985
 .text.nrf_drv_gpiote_init
                0x0002a28c       0x88 C:\Users\Michael\AppData\Local\Temp\ccKOGgif.ltrans17.ltrans.o
                0x0002a28c                nrf_drv_gpiote_init
 .text.nrf_drv_gpiote_is_init
                0x0002a314       0x24 C:\Users\Michael\AppData\Local\Temp\ccKOGgif.ltrans17.ltrans.o
                0x0002a314                nrf_drv_gpiote_is_init
 .text.nrf_gpio_port_out_set.lto_priv.1071
                0x0002a338       0x1c C:\Users\Michael\AppData\Local\Temp\ccKOGgif.ltrans18.ltrans.o
                0x0002a338                nrf_gpio_port_out_set.lto_priv.1071
 .text.apply_config
                0x0002a354      0x164 C:\Users\Michael\AppData\Local\Temp\ccKOGgif.ltrans18.ltrans.o
 .text.interrupts_enable
                0x0002a4b8       0xd0 C:\Users\Michael\AppData\Local\Temp\ccKOGgif.ltrans18.ltrans.o
 .text.uart_enable
                0x0002a588       0x3c C:\Users\Michael\AppData\Local\Temp\ccKOGgif.ltrans18.ltrans.o
 .text.nrf_drv_uart_init
                0x0002a5c4       0x94 C:\Users\Michael\AppData\Local\Temp\ccKOGgif.ltrans18.ltrans.o
                0x0002a5c4                nrf_drv_uart_init
 .text.tx_byte.lto_priv.1010
                0x0002a658       0x42 C:\Users\Michael\AppData\Local\Temp\ccKOGgif.ltrans18.ltrans.o
                0x0002a658                tx_byte.lto_priv.1010
 *fill*         0x0002a69a        0x2 
 .text.nrf_drv_uart_tx_for_uart
                0x0002a69c       0xe4 C:\Users\Michael\AppData\Local\Temp\ccKOGgif.ltrans18.ltrans.o
 .text.nrf_drv_uart_tx_for_uarte
                0x0002a780       0xb8 C:\Users\Michael\AppData\Local\Temp\ccKOGgif.ltrans18.ltrans.o
 .text.nrf_drv_uart_tx
                0x0002a838       0xac C:\Users\Michael\AppData\Local\Temp\ccKOGgif.ltrans18.ltrans.o
                0x0002a838                nrf_drv_uart_tx
 .text.nrf_drv_uart_tx_in_progress
                0x0002a8e4       0x34 C:\Users\Michael\AppData\Local\Temp\ccKOGgif.ltrans18.ltrans.o
                0x0002a8e4                nrf_drv_uart_tx_in_progress
 .text.rx_enable.lto_priv.1016
                0x0002a918       0x36 C:\Users\Michael\AppData\Local\Temp\ccKOGgif.ltrans18.ltrans.o
                0x0002a918                rx_enable.lto_priv.1016
 .text.rx_byte.lto_priv.1012
                0x0002a94e       0x58 C:\Users\Michael\AppData\Local\Temp\ccKOGgif.ltrans18.ltrans.o
                0x0002a94e                rx_byte.lto_priv.1012
 *fill*         0x0002a9a6        0x2 
 .text.nrf_drv_uart_rx_for_uart.lto_priv.1017
                0x0002a9a8      0x140 C:\Users\Michael\AppData\Local\Temp\ccKOGgif.ltrans18.ltrans.o
                0x0002a9a8                nrf_drv_uart_rx_for_uart.lto_priv.1017
 .text.nrf_drv_uart_rx_for_uarte.lto_priv.1018
                0x0002aae8      0x124 C:\Users\Michael\AppData\Local\Temp\ccKOGgif.ltrans18.ltrans.o
                0x0002aae8                nrf_drv_uart_rx_for_uarte.lto_priv.1018
 .text.bsp_indication_set
                0x0002ac0c       0x34 C:\Users\Michael\AppData\Local\Temp\ccKOGgif.ltrans19.ltrans.o
                0x0002ac0c                bsp_indication_set
 .text.bsp_event_to_button_action_assign
                0x0002ac40       0xb0 C:\Users\Michael\AppData\Local\Temp\ccKOGgif.ltrans19.ltrans.o
 .text.bsp_wakeup_button_enable
                0x0002acf0       0x22 C:\Users\Michael\AppData\Local\Temp\ccKOGgif.ltrans19.ltrans.o
 .text.connection_buttons_configure
                0x0002ad12       0x64 C:\Users\Michael\AppData\Local\Temp\ccKOGgif.ltrans19.ltrans.o
 .text.advertising_buttons_configure
                0x0002ad76       0x64 C:\Users\Michael\AppData\Local\Temp\ccKOGgif.ltrans19.ltrans.o
 .text.bsp_btn_ble_sleep_mode_prepare
                0x0002adda       0x40 C:\Users\Michael\AppData\Local\Temp\ccKOGgif.ltrans19.ltrans.o
                0x0002adda                bsp_btn_ble_sleep_mode_prepare
 *fill*         0x0002ae1a        0x2 
 .text.bsp_btn_ble_on_ble_evt
                0x0002ae1c       0xbc C:\Users\Michael\AppData\Local\Temp\ccKOGgif.ltrans19.ltrans.o
                0x0002ae1c                bsp_btn_ble_on_ble_evt
 .text.nrf_uart_event_clear.lto_priv.1008
                0x0002aed8       0x2c C:\Users\Michael\AppData\Local\Temp\ccKOGgif.ltrans19.ltrans.o
                0x0002aed8                nrf_uart_event_clear.lto_priv.1008
 .text.nrf_uart_event_check.lto_priv.1009
                0x0002af04       0x2a C:\Users\Michael\AppData\Local\Temp\ccKOGgif.ltrans19.ltrans.o
                0x0002af04                nrf_uart_event_check.lto_priv.1009
 .text.nrf_uart_int_enable.lto_priv.1019
                0x0002af2e       0x1c C:\Users\Michael\AppData\Local\Temp\ccKOGgif.ltrans19.ltrans.o
                0x0002af2e                nrf_uart_int_enable.lto_priv.1019
 .text.nrf_uart_int_enable_check.lto_priv.1013
                0x0002af4a       0x2a C:\Users\Michael\AppData\Local\Temp\ccKOGgif.ltrans19.ltrans.o
                0x0002af4a                nrf_uart_int_enable_check.lto_priv.1013
 .text.nrf_uart_int_disable.lto_priv.1011
                0x0002af74       0x1c C:\Users\Michael\AppData\Local\Temp\ccKOGgif.ltrans19.ltrans.o
                0x0002af74                nrf_uart_int_disable.lto_priv.1011
 .text.nrf_uart_errorsrc_get_and_clear.lto_priv.1014
                0x0002af90       0x26 C:\Users\Michael\AppData\Local\Temp\ccKOGgif.ltrans19.ltrans.o
                0x0002af90                nrf_uart_errorsrc_get_and_clear.lto_priv.1014
 .text.nrf_uart_enable.lto_priv.1030
                0x0002afb6       0x1a C:\Users\Michael\AppData\Local\Temp\ccKOGgif.ltrans19.ltrans.o
                0x0002afb6                nrf_uart_enable.lto_priv.1030
 .text.nrf_uart_txrx_pins_set.lto_priv.1051
                0x0002afd0       0x26 C:\Users\Michael\AppData\Local\Temp\ccKOGgif.ltrans19.ltrans.o
                0x0002afd0                nrf_uart_txrx_pins_set.lto_priv.1051
 .text.nrf_uart_hwfc_pins_set.lto_priv.1047
                0x0002aff6       0x26 C:\Users\Michael\AppData\Local\Temp\ccKOGgif.ltrans19.ltrans.o
                0x0002aff6                nrf_uart_hwfc_pins_set.lto_priv.1047
 .text.nrf_uart_rxd_get.lto_priv.1025
                0x0002b01c       0x1c C:\Users\Michael\AppData\Local\Temp\ccKOGgif.ltrans19.ltrans.o
                0x0002b01c                nrf_uart_rxd_get.lto_priv.1025
 .text.nrf_uart_txd_set.lto_priv.1027
                0x0002b038       0x1e C:\Users\Michael\AppData\Local\Temp\ccKOGgif.ltrans19.ltrans.o
                0x0002b038                nrf_uart_txd_set.lto_priv.1027
 .text.nrf_uart_task_trigger.lto_priv.1007
                0x0002b056       0x20 C:\Users\Michael\AppData\Local\Temp\ccKOGgif.ltrans19.ltrans.o
                0x0002b056                nrf_uart_task_trigger.lto_priv.1007
 .text.nrf_uart_configure.lto_priv.1052
                0x0002b076       0x2a C:\Users\Michael\AppData\Local\Temp\ccKOGgif.ltrans19.ltrans.o
                0x0002b076                nrf_uart_configure.lto_priv.1052
 .text.nrf_uart_baudrate_set.lto_priv.1053
                0x0002b0a0       0x1c C:\Users\Michael\AppData\Local\Temp\ccKOGgif.ltrans19.ltrans.o
                0x0002b0a0                nrf_uart_baudrate_set.lto_priv.1053
 .text.nrf_uarte_event_clear.lto_priv.1002
                0x0002b0bc       0x2c C:\Users\Michael\AppData\Local\Temp\ccKOGgif.ltrans19.ltrans.o
                0x0002b0bc                nrf_uarte_event_clear.lto_priv.1002
 .text.nrf_uarte_event_check.lto_priv.1003
                0x0002b0e8       0x2a C:\Users\Michael\AppData\Local\Temp\ccKOGgif.ltrans19.ltrans.o
                0x0002b0e8                nrf_uarte_event_check.lto_priv.1003
 .text.nrf_uarte_shorts_enable.lto_priv.1023
                0x0002b112       0x24 C:\Users\Michael\AppData\Local\Temp\ccKOGgif.ltrans19.ltrans.o
                0x0002b112                nrf_uarte_shorts_enable.lto_priv.1023
 .text.nrf_uarte_shorts_disable.lto_priv.1005
                0x0002b136       0x26 C:\Users\Michael\AppData\Local\Temp\ccKOGgif.ltrans19.ltrans.o
                0x0002b136                nrf_uarte_shorts_disable.lto_priv.1005
 .text.nrf_uarte_int_enable.lto_priv.1020
                0x0002b15c       0x1c C:\Users\Michael\AppData\Local\Temp\ccKOGgif.ltrans19.ltrans.o
                0x0002b15c                nrf_uarte_int_enable.lto_priv.1020
 .text.nrf_uarte_int_disable.lto_priv.1021
                0x0002b178       0x1c C:\Users\Michael\AppData\Local\Temp\ccKOGgif.ltrans19.ltrans.o
                0x0002b178                nrf_uarte_int_disable.lto_priv.1021
 .text.nrf_uarte_errorsrc_get_and_clear.lto_priv.1006
                0x0002b194       0x26 C:\Users\Michael\AppData\Local\Temp\ccKOGgif.ltrans19.ltrans.o
                0x0002b194                nrf_uarte_errorsrc_get_and_clear.lto_priv.1006
 .text.nrf_uarte_enable.lto_priv.1031
                0x0002b1ba       0x1a C:\Users\Michael\AppData\Local\Temp\ccKOGgif.ltrans19.ltrans.o
                0x0002b1ba                nrf_uarte_enable.lto_priv.1031
 .text.nrf_uarte_txrx_pins_set.lto_priv.1055
                0x0002b1d4       0x26 C:\Users\Michael\AppData\Local\Temp\ccKOGgif.ltrans19.ltrans.o
                0x0002b1d4                nrf_uarte_txrx_pins_set.lto_priv.1055
 .text.nrf_uarte_hwfc_pins_set.lto_priv.1054
                0x0002b1fa       0x26 C:\Users\Michael\AppData\Local\Temp\ccKOGgif.ltrans19.ltrans.o
                0x0002b1fa                nrf_uarte_hwfc_pins_set.lto_priv.1054
 .text.nrf_uarte_task_trigger.lto_priv.1015
                0x0002b220       0x20 C:\Users\Michael\AppData\Local\Temp\ccKOGgif.ltrans19.ltrans.o
                0x0002b220                nrf_uarte_task_trigger.lto_priv.1015
 .text.nrf_uarte_configure.lto_priv.1056
                0x0002b240       0x2a C:\Users\Michael\AppData\Local\Temp\ccKOGgif.ltrans19.ltrans.o
                0x0002b240                nrf_uarte_configure.lto_priv.1056
 .text.nrf_uarte_baudrate_set.lto_priv.1057
                0x0002b26a       0x1c C:\Users\Michael\AppData\Local\Temp\ccKOGgif.ltrans19.ltrans.o
                0x0002b26a                nrf_uarte_baudrate_set.lto_priv.1057
 .text.nrf_uarte_tx_buffer_set.lto_priv.1026
                0x0002b286       0x28 C:\Users\Michael\AppData\Local\Temp\ccKOGgif.ltrans19.ltrans.o
                0x0002b286                nrf_uarte_tx_buffer_set.lto_priv.1026
 .text.nrf_uarte_tx_amount_get.lto_priv.1001
                0x0002b2ae       0x1a C:\Users\Michael\AppData\Local\Temp\ccKOGgif.ltrans19.ltrans.o
                0x0002b2ae                nrf_uarte_tx_amount_get.lto_priv.1001
 .text.nrf_uarte_rx_buffer_set.lto_priv.1024
                0x0002b2c8       0x28 C:\Users\Michael\AppData\Local\Temp\ccKOGgif.ltrans19.ltrans.o
                0x0002b2c8                nrf_uarte_rx_buffer_set.lto_priv.1024
 .text.nrf_uarte_rx_amount_get.lto_priv.1004
                0x0002b2f0       0x1a C:\Users\Michael\AppData\Local\Temp\ccKOGgif.ltrans19.ltrans.o
                0x0002b2f0                nrf_uarte_rx_amount_get.lto_priv.1004
 .text.nrf_drv_get_IRQn.lto_priv.1046
                0x0002b30a       0x1e C:\Users\Michael\AppData\Local\Temp\ccKOGgif.ltrans19.ltrans.o
                0x0002b30a                nrf_drv_get_IRQn.lto_priv.1046
 .text.nrf_drv_is_in_RAM.lto_priv.1022
                0x0002b328       0x26 C:\Users\Michael\AppData\Local\Temp\ccKOGgif.ltrans19.ltrans.o
                0x0002b328                nrf_drv_is_in_RAM.lto_priv.1022
 .text.nrf_gpio_pin_port_decode
                0x0002b34e       0x18 C:\Users\Michael\AppData\Local\Temp\ccKOGgif.ltrans19.ltrans.o
 .text.nrf_gpio_cfg
                0x0002b366       0x50 C:\Users\Michael\AppData\Local\Temp\ccKOGgif.ltrans19.ltrans.o
 .text.nrf_gpio_cfg_output.lto_priv.1048
                0x0002b3b6       0x22 C:\Users\Michael\AppData\Local\Temp\ccKOGgif.ltrans19.ltrans.o
                0x0002b3b6                nrf_gpio_cfg_output.lto_priv.1048
 .text.nrf_gpio_cfg_input.lto_priv.1050
                0x0002b3d8       0x28 C:\Users\Michael\AppData\Local\Temp\ccKOGgif.ltrans19.ltrans.o
                0x0002b3d8                nrf_gpio_cfg_input.lto_priv.1050
 .text.nrf_gpio_pin_set.lto_priv.1049
                0x0002b400       0x28 C:\Users\Michael\AppData\Local\Temp\ccKOGgif.ltrans19.ltrans.o
                0x0002b400                nrf_gpio_pin_set.lto_priv.1049
 .text.init_execute
                0x0002b428      0x1b4 C:\Users\Michael\AppData\Local\Temp\ccKOGgif.ltrans20.ltrans.o
 .text.write_execute
                0x0002b5dc      0x134 C:\Users\Michael\AppData\Local\Temp\ccKOGgif.ltrans20.ltrans.o
 .text.delete_execute
                0x0002b710       0x64 C:\Users\Michael\AppData\Local\Temp\ccKOGgif.ltrans20.ltrans.o
 .text.gc_execute
                0x0002b774       0xa8 C:\Users\Michael\AppData\Local\Temp\ccKOGgif.ltrans20.ltrans.o
 .text.queue_process
                0x0002b81c       0xe4 C:\Users\Michael\AppData\Local\Temp\ccKOGgif.ltrans20.ltrans.o
 .text.queue_start
                0x0002b900       0x24 C:\Users\Michael\AppData\Local\Temp\ccKOGgif.ltrans20.ltrans.o
 .text.fs_event_handler.lto_priv.40
                0x0002b924       0x1a C:\Users\Michael\AppData\Local\Temp\ccKOGgif.ltrans20.ltrans.o
                0x0002b924                fs_event_handler.lto_priv.40
 *fill*         0x0002b93e        0x2 
 .text.write_enqueue
                0x0002b940      0x174 C:\Users\Michael\AppData\Local\Temp\ccKOGgif.ltrans20.ltrans.o
 .text.fds_register
                0x0002bab4       0x64 C:\Users\Michael\AppData\Local\Temp\ccKOGgif.ltrans20.ltrans.o
                0x0002bab4                fds_register
 .text.fds_init
                0x0002bb18       0xec C:\Users\Michael\AppData\Local\Temp\ccKOGgif.ltrans20.ltrans.o
                0x0002bb18                fds_init
 .text.fds_record_open
                0x0002bc04       0x80 C:\Users\Michael\AppData\Local\Temp\ccKOGgif.ltrans20.ltrans.o
                0x0002bc04                fds_record_open
 .text.fds_record_close
                0x0002bc84       0x8c C:\Users\Michael\AppData\Local\Temp\ccKOGgif.ltrans20.ltrans.o
                0x0002bc84                fds_record_close
 .text.fds_reserve
                0x0002bd10       0x58 C:\Users\Michael\AppData\Local\Temp\ccKOGgif.ltrans20.ltrans.o
                0x0002bd10                fds_reserve
 .text.fds_reserve_cancel
                0x0002bd68       0x88 C:\Users\Michael\AppData\Local\Temp\ccKOGgif.ltrans20.ltrans.o
                0x0002bd68                fds_reserve_cancel
 .text.fds_record_write
                0x0002bdf0       0x20 C:\Users\Michael\AppData\Local\Temp\ccKOGgif.ltrans20.ltrans.o
                0x0002bdf0                fds_record_write
 .text.fds_record_write_reserved
                0x0002be10       0x2c C:\Users\Michael\AppData\Local\Temp\ccKOGgif.ltrans20.ltrans.o
                0x0002be10                fds_record_write_reserved
 .text.fds_record_update
                0x0002be3c       0x2a C:\Users\Michael\AppData\Local\Temp\ccKOGgif.ltrans20.ltrans.o
                0x0002be3c                fds_record_update
 .text.fds_file_delete
                0x0002be66       0x60 C:\Users\Michael\AppData\Local\Temp\ccKOGgif.ltrans20.ltrans.o
                0x0002be66                fds_file_delete
 *fill*         0x0002bec6        0x2 
 .text.fds_gc   0x0002bec8       0x60 C:\Users\Michael\AppData\Local\Temp\ccKOGgif.ltrans20.ltrans.o
                0x0002bec8                fds_gc
 .text.fds_record_find
                0x0002bf28       0x2c C:\Users\Michael\AppData\Local\Temp\ccKOGgif.ltrans20.ltrans.o
                0x0002bf28                fds_record_find
 .text.fds_record_find_by_key
                0x0002bf54       0x26 C:\Users\Michael\AppData\Local\Temp\ccKOGgif.ltrans20.ltrans.o
                0x0002bf54                fds_record_find_by_key
 .text.fds_record_find_in_file
                0x0002bf7a       0x26 C:\Users\Michael\AppData\Local\Temp\ccKOGgif.ltrans20.ltrans.o
                0x0002bf7a                fds_record_find_in_file
 .text.fds_record_id_from_desc
                0x0002bfa0       0x30 C:\Users\Michael\AppData\Local\Temp\ccKOGgif.ltrans20.ltrans.o
                0x0002bfa0                fds_record_id_from_desc
 .text.detection_delay_timeout_handler
                0x0002bfd0       0xdc C:\Users\Michael\AppData\Local\Temp\ccKOGgif.ltrans20.ltrans.o
 .text.gpiote_event_handler
                0x0002c0ac       0xd8 C:\Users\Michael\AppData\Local\Temp\ccKOGgif.ltrans20.ltrans.o
 .text.app_button_init
                0x0002c184       0xf4 C:\Users\Michael\AppData\Local\Temp\ccKOGgif.ltrans20.ltrans.o
                0x0002c184                app_button_init
 .text.app_button_enable
                0x0002c278       0x48 C:\Users\Michael\AppData\Local\Temp\ccKOGgif.ltrans20.ltrans.o
                0x0002c278                app_button_enable
 .text.nrf_gpio_pin_port_decode
                0x0002c2c0       0x18 C:\Users\Michael\AppData\Local\Temp\ccKOGgif.ltrans20.ltrans.o
 .text.nrf_gpio_cfg_sense_set.lto_priv.1072
                0x0002c2d8       0x56 C:\Users\Michael\AppData\Local\Temp\ccKOGgif.ltrans20.ltrans.o
                0x0002c2d8                nrf_gpio_cfg_sense_set.lto_priv.1072
 .text.bsp_button_is_pressed
                0x0002c32e       0x18 C:\Users\Michael\AppData\Local\Temp\ccKOGgif.ltrans20.ltrans.o
                0x0002c32e                bsp_button_is_pressed
 *fill*         0x0002c346        0x2 
 .text.leds_off
                0x0002c348       0x40 C:\Users\Michael\AppData\Local\Temp\ccKOGgif.ltrans20.ltrans.o
 .text.bsp_led_indication.lto_priv.1073
                0x0002c388      0x52c C:\Users\Michael\AppData\Local\Temp\ccKOGgif.ltrans20.ltrans.o
                0x0002c388                bsp_led_indication.lto_priv.1073
 .text.app_fifo_init
                0x0002c8b4       0x58 C:\Users\Michael\AppData\Local\Temp\ccKOGgif.ltrans21.ltrans.o
                0x0002c8b4                app_fifo_init
 .text.app_fifo_put
                0x0002c90c       0x34 C:\Users\Michael\AppData\Local\Temp\ccKOGgif.ltrans21.ltrans.o
                0x0002c90c                app_fifo_put
 .text.app_fifo_get
                0x0002c940       0x2c C:\Users\Michael\AppData\Local\Temp\ccKOGgif.ltrans21.ltrans.o
                0x0002c940                app_fifo_get
 .text.is_word_aligned
                0x0002c96c       0x24 C:\Users\Michael\AppData\Local\Temp\ccKOGgif.ltrans21.ltrans.o
 .text.flag_set.lto_priv.1103
                0x0002c990       0x30 C:\Users\Michael\AppData\Local\Temp\ccKOGgif.ltrans21.ltrans.o
                0x0002c990                flag_set.lto_priv.1103
 .text.flag_clear.lto_priv.1102
                0x0002c9c0       0x38 C:\Users\Michael\AppData\Local\Temp\ccKOGgif.ltrans21.ltrans.o
                0x0002c9c0                flag_clear.lto_priv.1102
 .text.flag_is_set.lto_priv.1095
                0x0002c9f8       0x30 C:\Users\Michael\AppData\Local\Temp\ccKOGgif.ltrans21.ltrans.o
                0x0002c9f8                flag_is_set.lto_priv.1095
 .text.event_send.lto_priv.1101
                0x0002ca28       0x48 C:\Users\Michael\AppData\Local\Temp\ccKOGgif.ltrans21.ltrans.o
                0x0002ca28                event_send.lto_priv.1101
 .text.event_prepare.lto_priv.1108
                0x0002ca70       0xd8 C:\Users\Michael\AppData\Local\Temp\ccKOGgif.ltrans21.ltrans.o
                0x0002ca70                event_prepare.lto_priv.1108
 .text.header_is_valid
                0x0002cb48       0x34 C:\Users\Michael\AppData\Local\Temp\ccKOGgif.ltrans21.ltrans.o
 .text.address_is_valid
                0x0002cb7c       0x50 C:\Users\Michael\AppData\Local\Temp\ccKOGgif.ltrans21.ltrans.o
 .text.chunk_is_aligned.lto_priv.1106
                0x0002cbcc       0x48 C:\Users\Michael\AppData\Local\Temp\ccKOGgif.ltrans21.ltrans.o
                0x0002cbcc                chunk_is_aligned.lto_priv.1106
 .text.page_identify
                0x0002cc14       0x4c C:\Users\Michael\AppData\Local\Temp\ccKOGgif.ltrans21.ltrans.o
 .text.page_is_erased
                0x0002cc60       0x3e C:\Users\Michael\AppData\Local\Temp\ccKOGgif.ltrans21.ltrans.o
 *fill*         0x0002cc9e        0x2 
 .text.page_has_space
                0x0002cca0       0x5c C:\Users\Michael\AppData\Local\Temp\ccKOGgif.ltrans21.ltrans.o
 .text.page_from_record
                0x0002ccfc       0x70 C:\Users\Michael\AppData\Local\Temp\ccKOGgif.ltrans21.ltrans.o
 .text.page_scan
                0x0002cd6c       0xa8 C:\Users\Michael\AppData\Local\Temp\ccKOGgif.ltrans21.ltrans.o
 .text.page_offsets_update.lto_priv.1119
                0x0002ce14       0x3a C:\Users\Michael\AppData\Local\Temp\ccKOGgif.ltrans21.ltrans.o